Archive member included to satisfy reference by file (symbol)

c:/program files (x86)/atollic/truestudio for stm32 9.3.0/armtools/bin/../lib/gcc/arm-atollic-eabi/6.3.1/../../../../arm-atollic-eabi/lib/armv7e-m/fpu/fpv5-sp-d16\libc_nano.a(lib_a-init.o)
                              src\bsp\startup\startup_stm32h750xx.o (__libc_init_array)
c:/program files (x86)/atollic/truestudio for stm32 9.3.0/armtools/bin/../lib/gcc/arm-atollic-eabi/6.3.1/../../../../arm-atollic-eabi/lib/armv7e-m/fpu/fpv5-sp-d16\libc_nano.a(lib_a-memset.o)
                              src\bsp\bsp.o (memset)
c:/program files (x86)/atollic/truestudio for stm32 9.3.0/armtools/bin/../lib/gcc/arm-atollic-eabi/6.3.1/armv7e-m/fpu/fpv5-sp-d16\libgcc.a(unwind-arm.o)
                              src\ap\ap.o (__aeabi_unwind_cpp_pr0)
c:/program files (x86)/atollic/truestudio for stm32 9.3.0/armtools/bin/../lib/gcc/arm-atollic-eabi/6.3.1/armv7e-m/fpu/fpv5-sp-d16\libgcc.a(libunwind.o)
                              c:/program files (x86)/atollic/truestudio for stm32 9.3.0/armtools/bin/../lib/gcc/arm-atollic-eabi/6.3.1/armv7e-m/fpu/fpv5-sp-d16\libgcc.a(unwind-arm.o) (restore_core_regs)
c:/program files (x86)/atollic/truestudio for stm32 9.3.0/armtools/bin/../lib/gcc/arm-atollic-eabi/6.3.1/armv7e-m/fpu/fpv5-sp-d16\libgcc.a(pr-support.o)
                              c:/program files (x86)/atollic/truestudio for stm32 9.3.0/armtools/bin/../lib/gcc/arm-atollic-eabi/6.3.1/armv7e-m/fpu/fpv5-sp-d16\libgcc.a(unwind-arm.o) (__gnu_unwind_execute)
c:/program files (x86)/atollic/truestudio for stm32 9.3.0/armtools/bin/../lib/gcc/arm-atollic-eabi/6.3.1/../../../../arm-atollic-eabi/lib/armv7e-m/fpu/fpv5-sp-d16\libc_nano.a(lib_a-abort.o)
                              c:/program files (x86)/atollic/truestudio for stm32 9.3.0/armtools/bin/../lib/gcc/arm-atollic-eabi/6.3.1/armv7e-m/fpu/fpv5-sp-d16\libgcc.a(unwind-arm.o) (abort)
c:/program files (x86)/atollic/truestudio for stm32 9.3.0/armtools/bin/../lib/gcc/arm-atollic-eabi/6.3.1/../../../../arm-atollic-eabi/lib/armv7e-m/fpu/fpv5-sp-d16\libc_nano.a(lib_a-memcpy-stub.o)
                              c:/program files (x86)/atollic/truestudio for stm32 9.3.0/armtools/bin/../lib/gcc/arm-atollic-eabi/6.3.1/armv7e-m/fpu/fpv5-sp-d16\libgcc.a(unwind-arm.o) (memcpy)
c:/program files (x86)/atollic/truestudio for stm32 9.3.0/armtools/bin/../lib/gcc/arm-atollic-eabi/6.3.1/../../../../arm-atollic-eabi/lib/armv7e-m/fpu/fpv5-sp-d16\libc_nano.a(lib_a-signal.o)
                              c:/program files (x86)/atollic/truestudio for stm32 9.3.0/armtools/bin/../lib/gcc/arm-atollic-eabi/6.3.1/../../../../arm-atollic-eabi/lib/armv7e-m/fpu/fpv5-sp-d16\libc_nano.a(lib_a-abort.o) (raise)
c:/program files (x86)/atollic/truestudio for stm32 9.3.0/armtools/bin/../lib/gcc/arm-atollic-eabi/6.3.1/../../../../arm-atollic-eabi/lib/armv7e-m/fpu/fpv5-sp-d16\libc_nano.a(lib_a-signalr.o)
                              c:/program files (x86)/atollic/truestudio for stm32 9.3.0/armtools/bin/../lib/gcc/arm-atollic-eabi/6.3.1/../../../../arm-atollic-eabi/lib/armv7e-m/fpu/fpv5-sp-d16\libc_nano.a(lib_a-signal.o) (_kill_r)
c:/program files (x86)/atollic/truestudio for stm32 9.3.0/armtools/bin/../lib/gcc/arm-atollic-eabi/6.3.1/../../../../arm-atollic-eabi/lib/armv7e-m/fpu/fpv5-sp-d16\libc_nano.a(lib_a-impure.o)
                              c:/program files (x86)/atollic/truestudio for stm32 9.3.0/armtools/bin/../lib/gcc/arm-atollic-eabi/6.3.1/../../../../arm-atollic-eabi/lib/armv7e-m/fpu/fpv5-sp-d16\libc_nano.a(lib_a-signal.o) (_impure_ptr)
c:/program files (x86)/atollic/truestudio for stm32 9.3.0/armtools/bin/../lib/gcc/arm-atollic-eabi/6.3.1/../../../../arm-atollic-eabi/lib/armv7e-m/fpu/fpv5-sp-d16\libc_nano.a(lib_a-nano-mallocr.o)
                              c:/program files (x86)/atollic/truestudio for stm32 9.3.0/armtools/bin/../lib/gcc/arm-atollic-eabi/6.3.1/../../../../arm-atollic-eabi/lib/armv7e-m/fpu/fpv5-sp-d16\libc_nano.a(lib_a-signal.o) (_malloc_r)
c:/program files (x86)/atollic/truestudio for stm32 9.3.0/armtools/bin/../lib/gcc/arm-atollic-eabi/6.3.1/../../../../arm-atollic-eabi/lib/armv7e-m/fpu/fpv5-sp-d16\libc_nano.a(lib_a-reent.o)
                              c:/program files (x86)/atollic/truestudio for stm32 9.3.0/armtools/bin/../lib/gcc/arm-atollic-eabi/6.3.1/../../../../arm-atollic-eabi/lib/armv7e-m/fpu/fpv5-sp-d16\libc_nano.a(lib_a-signalr.o) (errno)
c:/program files (x86)/atollic/truestudio for stm32 9.3.0/armtools/bin/../lib/gcc/arm-atollic-eabi/6.3.1/../../../../arm-atollic-eabi/lib/armv7e-m/fpu/fpv5-sp-d16\libc_nano.a(lib_a-sbrkr.o)
                              c:/program files (x86)/atollic/truestudio for stm32 9.3.0/armtools/bin/../lib/gcc/arm-atollic-eabi/6.3.1/../../../../arm-atollic-eabi/lib/armv7e-m/fpu/fpv5-sp-d16\libc_nano.a(lib_a-nano-mallocr.o) (_sbrk_r)
[...]
Memory Configuration

Name             Origin             Length             Attributes
DTCMRAM          0x20000000         0x00020000         xrw
RAM_D1           0x24000000         0x00080000         xrw
RAM_D2           0x30000000         0x00048000         xrw
RAM_D3           0x38000000         0x00010000         xrw
ITCMRAM          0x00000000         0x00010000         xrw
FLASH            0x08000000         0x00020000         xr
*default*        0x00000000         0xffffffff

Linker script and memory map

LOAD c:/program files (x86)/atollic/truestudio for stm32 9.3.0/armtools/bin/../lib/gcc/arm-atollic-eabi/6.3.1/armv7e-m/fpu/fpv5-sp-d16/crti.o
LOAD c:/program files (x86)/atollic/truestudio for stm32 9.3.0/armtools/bin/../lib/gcc/arm-atollic-eabi/6.3.1/armv7e-m/fpu/fpv5-sp-d16/crtbegin.o
LOAD src\ap\ap.o
LOAD src\bsp\bsp.o
LOAD src\bsp\cmsis\system_stm32h7xx.o
LOAD src\bsp\startup\startup_stm32h750xx.o
LOAD src\bsp\stm32h7xx_it.o
LOAD src\hw\core\delay.o
LOAD src\hw\core\millis.o
LOAD src\hw\driver\led.o
LOAD src\hw\hw.o
LOAD src\lib\STM32H7xx_HAL_Driver\Src\stm32h7xx_hal.o
LOAD src\lib\STM32H7xx_HAL_Driver\Src\stm32h7xx_hal_cortex.o
LOAD src\lib\STM32H7xx_HAL_Driver\Src\stm32h7xx_hal_dma.o
LOAD src\lib\STM32H7xx_HAL_Driver\Src\stm32h7xx_hal_dma_ex.o
LOAD src\lib\STM32H7xx_HAL_Driver\Src\stm32h7xx_hal_exti.o
LOAD src\lib\STM32H7xx_HAL_Driver\Src\stm32h7xx_hal_flash.o
LOAD src\lib\STM32H7xx_HAL_Driver\Src\stm32h7xx_hal_flash_ex.o
LOAD src\lib\STM32H7xx_HAL_Driver\Src\stm32h7xx_hal_gpio.o
LOAD src\lib\STM32H7xx_HAL_Driver\Src\stm32h7xx_hal_hsem.o
LOAD src\lib\STM32H7xx_HAL_Driver\Src\stm32h7xx_hal_i2c.o
LOAD src\lib\STM32H7xx_HAL_Driver\Src\stm32h7xx_hal_i2c_ex.o
LOAD src\lib\STM32H7xx_HAL_Driver\Src\stm32h7xx_hal_mdma.o
LOAD src\lib\STM32H7xx_HAL_Driver\Src\stm32h7xx_hal_pwr.o
LOAD src\lib\STM32H7xx_HAL_Driver\Src\stm32h7xx_hal_pwr_ex.o
LOAD src\lib\STM32H7xx_HAL_Driver\Src\stm32h7xx_hal_rcc.o
LOAD src\lib\STM32H7xx_HAL_Driver\Src\stm32h7xx_hal_rcc_ex.o
LOAD src\lib\STM32H7xx_HAL_Driver\Src\stm32h7xx_hal_tim.o
LOAD src\lib\STM32H7xx_HAL_Driver\Src\stm32h7xx_hal_tim_ex.o
LOAD src\lib\main.o
                0x00001000                malloc_getpagesize_P = 0x1000
START GROUP
LOAD c:/program files (x86)/atollic/truestudio for stm32 9.3.0/armtools/bin/../lib/gcc/arm-atollic-eabi/6.3.1/../../../../arm-atollic-eabi/lib/armv7e-m/fpu/fpv5-sp-d16\libstdc++_nano.a
LOAD c:/program files (x86)/atollic/truestudio for stm32 9.3.0/armtools/bin/../lib/gcc/arm-atollic-eabi/6.3.1/../../../../arm-atollic-eabi/lib/armv7e-m/fpu/fpv5-sp-d16\libsupc++_nano.a
END GROUP
LOAD c:/program files (x86)/atollic/truestudio for stm32 9.3.0/armtools/bin/../lib/gcc/arm-atollic-eabi/6.3.1/../../../../arm-atollic-eabi/lib/armv7e-m/fpu/fpv5-sp-d16\libstdc++_nano.a
LOAD c:/program files (x86)/atollic/truestudio for stm32 9.3.0/armtools/bin/../lib/gcc/arm-atollic-eabi/6.3.1/../../../../arm-atollic-eabi/lib/armv7e-m/fpu/fpv5-sp-d16\libm.a
LOAD c:/program files (x86)/atollic/truestudio for stm32 9.3.0/armtools/bin/../lib/gcc/arm-atollic-eabi/6.3.1/../../../../arm-atollic-eabi/lib/armv7e-m/fpu/fpv5-sp-d16\libc_nano.a
START GROUP
LOAD c:/program files (x86)/atollic/truestudio for stm32 9.3.0/armtools/bin/../lib/gcc/arm-atollic-eabi/6.3.1/armv7e-m/fpu/fpv5-sp-d16\libgcc.a
LOAD c:/program files (x86)/atollic/truestudio for stm32 9.3.0/armtools/bin/../lib/gcc/arm-atollic-eabi/6.3.1/../../../../arm-atollic-eabi/lib/armv7e-m/fpu/fpv5-sp-d16\libc_nano.a
END GROUP
START GROUP
LOAD c:/program files (x86)/atollic/truestudio for stm32 9.3.0/armtools/bin/../lib/gcc/arm-atollic-eabi/6.3.1/armv7e-m/fpu/fpv5-sp-d16\libgcc.a
LOAD c:/program files (x86)/atollic/truestudio for stm32 9.3.0/armtools/bin/../lib/gcc/arm-atollic-eabi/6.3.1/../../../../arm-atollic-eabi/lib/armv7e-m/fpu/fpv5-sp-d16\libc_nano.a
LOAD c:/program files (x86)/atollic/truestudio for stm32 9.3.0/armtools/bin/../lib/gcc/arm-atollic-eabi/6.3.1/../../../../arm-atollic-eabi/lib/armv7e-m/fpu/fpv5-sp-d16\libnosys.a
END GROUP
START GROUP
LOAD c:/program files (x86)/atollic/truestudio for stm32 9.3.0/armtools/bin/../lib/gcc/arm-atollic-eabi/6.3.1/armv7e-m/fpu/fpv5-sp-d16\libgcc.a
LOAD c:/program files (x86)/atollic/truestudio for stm32 9.3.0/armtools/bin/../lib/gcc/arm-atollic-eabi/6.3.1/../../../../arm-atollic-eabi/lib/armv7e-m/fpu/fpv5-sp-d16\libc_nano.a
LOAD c:/program files (x86)/atollic/truestudio for stm32 9.3.0/armtools/bin/../lib/gcc/arm-atollic-eabi/6.3.1/../../../../arm-atollic-eabi/lib/armv7e-m/fpu/fpv5-sp-d16\libnosys.a
END GROUP
LOAD c:/program files (x86)/atollic/truestudio for stm32 9.3.0/armtools/bin/../lib/gcc/arm-atollic-eabi/6.3.1/armv7e-m/fpu/fpv5-sp-d16/crtend.o
LOAD c:/program files (x86)/atollic/truestudio for stm32 9.3.0/armtools/bin/../lib/gcc/arm-atollic-eabi/6.3.1/armv7e-m/fpu/fpv5-sp-d16/crtn.o
                0x20020000                _estack = 0x20020000
                0x00000200                _Min_Heap_Size = 0x200
                0x00000400                _Min_Stack_Size = 0x400

.isr_vector     0x08000000      0x298
                0x08000000                . = ALIGN (0x4)
 *(.isr_vector)
 .isr_vector    0x08000000      0x298 src\bsp\startup\startup_stm32h750xx.o
                0x08000000                g_pfnVectors
                0x08000298                . = ALIGN (0x4)

.text           0x08000298     0x2a4c
                0x08000298                . = ALIGN (0x4)
 *(.text)
 .text          0x08000298       0x40 c:/program files (x86)/atollic/truestudio for stm32 9.3.0/armtools/bin/../lib/gcc/arm-atollic-eabi/6.3.1/armv7e-m/fpu/fpv5-sp-d16/crtbegin.o
 .text          0x080002d8      0x9cc c:/program files (x86)/atollic/truestudio for stm32 9.3.0/armtools/bin/../lib/gcc/arm-atollic-eabi/6.3.1/armv7e-m/fpu/fpv5-sp-d16\libgcc.a(unwind-arm.o)
                0x08000598                _Unwind_GetCFA
                0x0800059c                __gnu_Unwind_RaiseException
                0x080005fc                __gnu_Unwind_ForcedUnwind
                0x08000610                __gnu_Unwind_Resume
                0x08000654                __gnu_Unwind_Resume_or_Rethrow
                0x08000664                _Unwind_Complete
                0x08000668                _Unwind_DeleteException
                0x08000674                _Unwind_VRS_Get
                0x080006c0                _Unwind_VRS_Set
                0x08000710                __gnu_Unwind_Backtrace
                0x08000a50                __aeabi_unwind_cpp_pr0
                0x08000a54                __aeabi_unwind_cpp_pr1
                0x08000a58                __aeabi_unwind_cpp_pr2
                0x08000a5c                _Unwind_VRS_Pop
 .text          0x08000ca4      0x1ac c:/program files (x86)/atollic/truestudio for stm32 9.3.0/armtools/bin/../lib/gcc/arm-atollic-eabi/6.3.1/armv7e-m/fpu/fpv5-sp-d16\libgcc.a(libunwind.o)
                0x08000ca4                __restore_core_regs
                0x08000ca4                restore_core_regs
                0x08000cbc                __gnu_Unwind_Restore_VFP
                0x08000cc4                __gnu_Unwind_Save_VFP
                0x08000ccc                __gnu_Unwind_Restore_VFP_D
                0x08000cd4                __gnu_Unwind_Save_VFP_D
                0x08000cdc                __gnu_Unwind_Restore_VFP_D_16_to_31
                0x08000ce4                __gnu_Unwind_Save_VFP_D_16_to_31
                0x08000cec                __gnu_Unwind_Restore_WMMXD
                0x08000d30                __gnu_Unwind_Save_WMMXD
                0x08000d74                __gnu_Unwind_Restore_WMMXC
                0x08000d88                __gnu_Unwind_Save_WMMXC
                0x08000d9c                ___Unwind_RaiseException
                0x08000d9c                _Unwind_RaiseException
                0x08000dc0                _Unwind_Resume
                0x08000dc0                ___Unwind_Resume
                0x08000de4                _Unwind_Resume_or_Rethrow
                0x08000de4                ___Unwind_Resume_or_Rethrow
                0x08000e08                _Unwind_ForcedUnwind
                0x08000e08                ___Unwind_ForcedUnwind
                0x08000e2c                ___Unwind_Backtrace
                0x08000e2c                _Unwind_Backtrace
 .text          0x08000e50      0x380 c:/program files (x86)/atollic/truestudio for stm32 9.3.0/armtools/bin/../lib/gcc/arm-atollic-eabi/6.3.1/armv7e-m/fpu/fpv5-sp-d16\libgcc.a(pr-support.o)
                0x08000ea8                __gnu_unwind_execute
                0x08001178                __gnu_unwind_frame
                0x080011a0                _Unwind_GetRegionStart
                0x080011ac                _Unwind_GetLanguageSpecificData
                0x080011c0                _Unwind_GetTextRelBase
                0x080011c8                _Unwind_GetDataRelBase
 *(.text*)
 .text._Z6apInitv
                0x080011d0        0xc src\ap\ap.o
                0x080011d0                apInit()
 .text._Z6apMainv
                0x080011dc       0x84 src\ap\ap.o
                0x080011dc                apMain()
 .text.bspInit  0x08001260       0x58 src\bsp\bsp.o
                0x08001260                bspInit
 .text.Error_Handler
                0x080012b8        0xe src\bsp\bsp.o
                0x080012b8                Error_Handler
 *fill*         0x080012c6        0x2 
 .text.SystemClock_Config
                0x080012c8       0xf4 src\bsp\bsp.o
                0x080012c8                SystemClock_Config
 .text.SystemInit
                0x080013bc       0xc4 src\bsp\cmsis\system_stm32h7xx.o
                0x080013bc                SystemInit
 .text.Reset_Handler
                0x08001480       0x50 src\bsp\startup\startup_stm32h750xx.o
                0x08001480                Reset_Handler
 .text.Default_Handler
                0x080014d0        0x2 src\bsp\startup\startup_stm32h750xx.o
                0x080014d0                RTC_Alarm_IRQHandler
                0x080014d0                HASH_RNG_IRQHandler
                0x080014d0                EXTI2_IRQHandler
                0x080014d0                TIM8_CC_IRQHandler
                0x080014d0                HRTIM1_Master_IRQHandler
                0x080014d0                UART8_IRQHandler
                0x080014d0                SPI4_IRQHandler
                0x080014d0                TIM1_CC_IRQHandler
                0x080014d0                BDMA_Channel6_IRQHandler
                0x080014d0                DMA2_Stream5_IRQHandler
                0x080014d0                HRTIM1_FLT_IRQHandler
                0x080014d0                JPEG_IRQHandler
                0x080014d0                DMA1_Stream5_IRQHandler
                0x080014d0                BDMA_Channel1_IRQHandler
                0x080014d0                HRTIM1_TIMD_IRQHandler
                0x080014d0                TAMP_STAMP_IRQHandler
                0x080014d0                EXTI3_IRQHandler
                0x080014d0                LPTIM4_IRQHandler
                0x080014d0                TIM8_TRG_COM_TIM14_IRQHandler
                0x080014d0                LPTIM2_IRQHandler
                0x080014d0                DFSDM1_FLT1_IRQHandler
                0x080014d0                DMAMUX2_OVR_IRQHandler
                0x080014d0                TIM8_UP_TIM13_IRQHandler
                0x080014d0                I2C3_ER_IRQHandler
                0x080014d0                DFSDM1_FLT2_IRQHandler
                0x080014d0                MDMA_IRQHandler
                0x080014d0                LPTIM3_IRQHandler
                0x080014d0                HSEM1_IRQHandler
                0x080014d0                EXTI0_IRQHandler
                0x080014d0                I2C2_EV_IRQHandler
                0x080014d0                DMA1_Stream2_IRQHandler
                0x080014d0                FPU_IRQHandler
                0x080014d0                OTG_HS_WKUP_IRQHandler
                0x080014d0                FDCAN1_IT1_IRQHandler
                0x080014d0                LTDC_ER_IRQHandler
                0x080014d0                DMA2_Stream2_IRQHandler
                0x080014d0                HRTIM1_TIME_IRQHandler
                0x080014d0                SPI1_IRQHandler
                0x080014d0                TIM6_DAC_IRQHandler
                0x080014d0                DCMI_IRQHandler
                0x080014d0                HRTIM1_TIMC_IRQHandler
                0x080014d0                DMA2_Stream3_IRQHandler
                0x080014d0                SAI2_IRQHandler
                0x080014d0                DFSDM1_FLT3_IRQHandler
                0x080014d0                USART6_IRQHandler
                0x080014d0                TIM17_IRQHandler
                0x080014d0                USART3_IRQHandler
                0x080014d0                BDMA_Channel7_IRQHandler
                0x080014d0                CRYP_IRQHandler
                0x080014d0                LPTIM5_IRQHandler
                0x080014d0                UART5_IRQHandler
                0x080014d0                ADC3_IRQHandler
                0x080014d0                DMA2_Stream0_IRQHandler
                0x080014d0                TIM4_IRQHandler
                0x080014d0                BDMA_Channel2_IRQHandler
                0x080014d0                QUADSPI_IRQHandler
                0x080014d0                I2C1_EV_IRQHandler
                0x080014d0                DMA1_Stream6_IRQHandler
                0x080014d0                DMAMUX1_OVR_IRQHandler
                0x080014d0                DMA1_Stream1_IRQHandler
                0x080014d0                TIM16_IRQHandler
                0x080014d0                UART4_IRQHandler
                0x080014d0                BDMA_Channel5_IRQHandler
                0x080014d0                TIM3_IRQHandler
                0x080014d0                RCC_IRQHandler
                0x080014d0                TIM8_BRK_TIM12_IRQHandler
                0x080014d0                TIM1_TRG_COM_IRQHandler
                0x080014d0                Default_Handler
                0x080014d0                ECC_IRQHandler
                0x080014d0                CEC_IRQHandler
                0x080014d0                EXTI15_10_IRQHandler
                0x080014d0                BDMA_Channel0_IRQHandler
                0x080014d0                ADC_IRQHandler
                0x080014d0                DMA1_Stream7_IRQHandler
                0x080014d0                HRTIM1_TIMA_IRQHandler
                0x080014d0                SPI5_IRQHandler
                0x080014d0                TIM7_IRQHandler
                0x080014d0                SDMMC1_IRQHandler
                0x080014d0                TIM5_IRQHandler
                0x080014d0                DMA2_Stream7_IRQHandler
                0x080014d0                TIM15_IRQHandler
                0x080014d0                PVD_AVD_IRQHandler
                0x080014d0                I2C3_EV_IRQHandler
                0x080014d0                EXTI9_5_IRQHandler
                0x080014d0                RTC_WKUP_IRQHandler
                0x080014d0                LTDC_IRQHandler
                0x080014d0                SAI3_IRQHandler
                0x080014d0                ETH_WKUP_IRQHandler
                0x080014d0                SPDIF_RX_IRQHandler
                0x080014d0                SPI2_IRQHandler
                0x080014d0                OTG_HS_EP1_IN_IRQHandler
                0x080014d0                DMA1_Stream0_IRQHandler
                0x080014d0                CRS_IRQHandler
                0x080014d0                EXTI4_IRQHandler
                0x080014d0                HRTIM1_TIMB_IRQHandler
                0x080014d0                FDCAN2_IT1_IRQHandler
                0x080014d0                ETH_IRQHandler
                0x080014d0                TIM1_UP_IRQHandler
                0x080014d0                BDMA_Channel4_IRQHandler
                0x080014d0                OTG_HS_EP1_OUT_IRQHandler
                0x080014d0                WWDG_IRQHandler
                0x080014d0                SPI6_IRQHandler
                0x080014d0                MDIOS_IRQHandler
                0x080014d0                I2C4_EV_IRQHandler
                0x080014d0                FDCAN2_IT0_IRQHandler
                0x080014d0                LPUART1_IRQHandler
                0x080014d0                FDCAN1_IT0_IRQHandler
                0x080014d0                TIM2_IRQHandler
                0x080014d0                OTG_FS_WKUP_IRQHandler
                0x080014d0                OTG_HS_IRQHandler
                0x080014d0                DMA2D_IRQHandler
                0x080014d0                TIM1_BRK_IRQHandler
                0x080014d0                EXTI1_IRQHandler
                0x080014d0                SDMMC2_IRQHandler
                0x080014d0                OTG_FS_EP1_OUT_IRQHandler
                0x080014d0                BDMA_Channel3_IRQHandler
                0x080014d0                UART7_IRQHandler
                0x080014d0                MDIOS_WKUP_IRQHandler
                0x080014d0                USART2_IRQHandler
                0x080014d0                DFSDM1_FLT0_IRQHandler
                0x080014d0                SAI4_IRQHandler
                0x080014d0                I2C2_ER_IRQHandler
                0x080014d0                DMA2_Stream1_IRQHandler
                0x080014d0                FLASH_IRQHandler
                0x080014d0                DMA2_Stream4_IRQHandler
                0x080014d0                USART1_IRQHandler
                0x080014d0                OTG_FS_IRQHandler
                0x080014d0                SPI3_IRQHandler
                0x080014d0                WAKEUP_PIN_IRQHandler
                0x080014d0                DMA1_Stream4_IRQHandler
                0x080014d0                OTG_FS_EP1_IN_IRQHandler
                0x080014d0                I2C1_ER_IRQHandler
                0x080014d0                FMC_IRQHandler
                0x080014d0                FDCAN_CAL_IRQHandler
                0x080014d0                SWPMI1_IRQHandler
                0x080014d0                COMP1_IRQHandler
                0x080014d0                LPTIM1_IRQHandler
                0x080014d0                I2C4_ER_IRQHandler
                0x080014d0                DMA2_Stream6_IRQHandler
                0x080014d0                SAI1_IRQHandler
                0x080014d0                DMA1_Stream3_IRQHandler
 .text.NMI_Handler
                0x080014d2        0xe src\bsp\stm32h7xx_it.o
                0x080014d2                NMI_Handler
 .text.HardFault_Handler
                0x080014e0        0x6 src\bsp\stm32h7xx_it.o
                0x080014e0                HardFault_Handler
 .text.MemManage_Handler
                0x080014e6        0x6 src\bsp\stm32h7xx_it.o
                0x080014e6                MemManage_Handler
 .text.BusFault_Handler
                0x080014ec        0x6 src\bsp\stm32h7xx_it.o
                0x080014ec                BusFault_Handler
 .text.UsageFault_Handler
                0x080014f2        0x6 src\bsp\stm32h7xx_it.o
                0x080014f2                UsageFault_Handler
 .text.SVC_Handler
                0x080014f8        0xe src\bsp\stm32h7xx_it.o
                0x080014f8                SVC_Handler
 .text.DebugMon_Handler
                0x08001506        0xe src\bsp\stm32h7xx_it.o
                0x08001506                DebugMon_Handler
 .text.PendSV_Handler
                0x08001514        0xe src\bsp\stm32h7xx_it.o
                0x08001514                PendSV_Handler
 .text.SysTick_Handler
                0x08001522        0xc src\bsp\stm32h7xx_it.o
                0x08001522                SysTick_Handler
 .text.delayInit
                0x0800152e       0x10 src\hw\core\delay.o
                0x0800152e                delayInit
 .text.millisInit
                0x0800153e       0x10 src\hw\core\millis.o
                0x0800153e                millisInit
 .text.millis   0x0800154e        0xe src\hw\core\millis.o
                0x0800154e                millis
 .text.ledInit  0x0800155c       0x64 src\hw\driver\led.o
                0x0800155c                ledInit
 .text.ledOff   0x080015c0       0x38 src\hw\driver\led.o
                0x080015c0                ledOff
 .text.ledToggle
                0x080015f8       0x34 src\hw\driver\led.o
                0x080015f8                ledToggle
 .text.hwInit   0x0800162c       0x18 src\hw\hw.o
                0x0800162c                hwInit
 .text.HAL_Init
                0x08001644       0x78 src\lib\STM32H7xx_HAL_Driver\Src\stm32h7xx_hal.o
                0x08001644                HAL_Init
 .text.HAL_MspInit
                0x080016bc        0xe src\lib\STM32H7xx_HAL_Driver\Src\stm32h7xx_hal.o
                0x080016bc                HAL_MspInit
 *fill*         0x080016ca        0x2 
 .text.HAL_InitTick
                0x080016cc       0x6c src\lib\STM32H7xx_HAL_Driver\Src\stm32h7xx_hal.o
                0x080016cc                HAL_InitTick
 .text.HAL_IncTick
                0x08001738       0x28 src\lib\STM32H7xx_HAL_Driver\Src\stm32h7xx_hal.o
                0x08001738                HAL_IncTick
 .text.HAL_GetTick
                0x08001760       0x18 src\lib\STM32H7xx_HAL_Driver\Src\stm32h7xx_hal.o
                0x08001760                HAL_GetTick
 .text.HAL_GetREVID
                0x08001778       0x18 src\lib\STM32H7xx_HAL_Driver\Src\stm32h7xx_hal.o
                0x08001778                HAL_GetREVID
 .text.__NVIC_SetPriorityGrouping
                0x08001790       0x48 src\lib\STM32H7xx_HAL_Driver\Src\stm32h7xx_hal_cortex.o
 .text.__NVIC_GetPriorityGrouping
                0x080017d8       0x1c src\lib\STM32H7xx_HAL_Driver\Src\stm32h7xx_hal_cortex.o
 .text.__NVIC_SetPriority
                0x080017f4       0x54 src\lib\STM32H7xx_HAL_Driver\Src\stm32h7xx_hal_cortex.o
 .text.NVIC_EncodePriority
                0x08001848       0x62 src\lib\STM32H7xx_HAL_Driver\Src\stm32h7xx_hal_cortex.o
 *fill*         0x080018aa        0x2 
 .text.SysTick_Config
                0x080018ac       0x44 src\lib\STM32H7xx_HAL_Driver\Src\stm32h7xx_hal_cortex.o
 .text.HAL_NVIC_SetPriorityGrouping
                0x080018f0       0x16 src\lib\STM32H7xx_HAL_Driver\Src\stm32h7xx_hal_cortex.o
                0x080018f0                HAL_NVIC_SetPriorityGrouping
 .text.HAL_NVIC_SetPriority
                0x08001906       0x34 src\lib\STM32H7xx_HAL_Driver\Src\stm32h7xx_hal_cortex.o
                0x08001906                HAL_NVIC_SetPriority
 .text.HAL_SYSTICK_Config
                0x0800193a       0x18 src\lib\STM32H7xx_HAL_Driver\Src\stm32h7xx_hal_cortex.o
                0x0800193a                HAL_SYSTICK_Config
 *fill*         0x08001952        0x2 
 .text.HAL_GPIO_Init
                0x08001954      0x360 src\lib\STM32H7xx_HAL_Driver\Src\stm32h7xx_hal_gpio.o
                0x08001954                HAL_GPIO_Init
 .text.HAL_GPIO_WritePin
                0x08001cb4       0x32 src\lib\STM32H7xx_HAL_Driver\Src\stm32h7xx_hal_gpio.o
                0x08001cb4                HAL_GPIO_WritePin
 .text.HAL_GPIO_TogglePin
                0x08001ce6       0x36 src\lib\STM32H7xx_HAL_Driver\Src\stm32h7xx_hal_gpio.o
                0x08001ce6                HAL_GPIO_TogglePin
 .text.HAL_PWREx_ConfigSupply
                0x08001d1c       0x74 src\lib\STM32H7xx_HAL_Driver\Src\stm32h7xx_hal_pwr_ex.o
                0x08001d1c                HAL_PWREx_ConfigSupply
 .text.HAL_RCC_OscConfig
                0x08001d90      0x7b0 src\lib\STM32H7xx_HAL_Driver\Src\stm32h7xx_hal_rcc.o
                0x08001d90                HAL_RCC_OscConfig
 .text.HAL_RCC_ClockConfig
                0x08002540      0x36c src\lib\STM32H7xx_HAL_Driver\Src\stm32h7xx_hal_rcc.o
                0x08002540                HAL_RCC_ClockConfig
 .text.HAL_RCC_GetSysClockFreq
                0x080028ac      0x2e4 src\lib\STM32H7xx_HAL_Driver\Src\stm32h7xx_hal_rcc.o
                0x080028ac                HAL_RCC_GetSysClockFreq
 .text.main     0x08002b90       0x12 src\lib\main.o
                0x08002b90                main
 *fill*         0x08002ba2        0x2 
 .text.__libc_init_array
                0x08002ba4       0x48 c:/program files (x86)/atollic/truestudio for stm32 9.3.0/armtools/bin/../lib/gcc/arm-atollic-eabi/6.3.1/../../../../arm-atollic-eabi/lib/armv7e-m/fpu/fpv5-sp-d16\libc_nano.a(lib_a-init.o)
                0x08002ba4                __libc_init_array
 .text.memset   0x08002bec       0x10 c:/program files (x86)/atollic/truestudio for stm32 9.3.0/armtools/bin/../lib/gcc/arm-atollic-eabi/6.3.1/../../../../arm-atollic-eabi/lib/armv7e-m/fpu/fpv5-sp-d16\libc_nano.a(lib_a-memset.o)
                0x08002bec                memset
 .text.abort    0x08002bfc        0xe c:/program files (x86)/atollic/truestudio for stm32 9.3.0/armtools/bin/../lib/gcc/arm-atollic-eabi/6.3.1/../../../../arm-atollic-eabi/lib/armv7e-m/fpu/fpv5-sp-d16\libc_nano.a(lib_a-abort.o)
                0x08002bfc                abort
 .text.memcpy   0x08002c0a       0x16 c:/program files (x86)/atollic/truestudio for stm32 9.3.0/armtools/bin/../lib/gcc/arm-atollic-eabi/6.3.1/../../../../arm-atollic-eabi/lib/armv7e-m/fpu/fpv5-sp-d16\libc_nano.a(lib_a-memcpy-stub.o)
                0x08002c0a                memcpy
 .text._raise_r
                0x08002c20       0x50 c:/program files (x86)/atollic/truestudio for stm32 9.3.0/armtools/bin/../lib/gcc/arm-atollic-eabi/6.3.1/../../../../arm-atollic-eabi/lib/armv7e-m/fpu/fpv5-sp-d16\libc_nano.a(lib_a-signal.o)
                0x08002c20                _raise_r
 .text.raise    0x08002c70       0x10 c:/program files (x86)/atollic/truestudio for stm32 9.3.0/armtools/bin/../lib/gcc/arm-atollic-eabi/6.3.1/../../../../arm-atollic-eabi/lib/armv7e-m/fpu/fpv5-sp-d16\libc_nano.a(lib_a-signal.o)
                0x08002c70                raise
 .text._kill_r  0x08002c80       0x24 c:/program files (x86)/atollic/truestudio for stm32 9.3.0/armtools/bin/../lib/gcc/arm-atollic-eabi/6.3.1/../../../../arm-atollic-eabi/lib/armv7e-m/fpu/fpv5-sp-d16\libc_nano.a(lib_a-signalr.o)
                0x08002c80                _kill_r
 .text._getpid_r
                0x08002ca4        0x4 c:/program files (x86)/atollic/truestudio for stm32 9.3.0/armtools/bin/../lib/gcc/arm-atollic-eabi/6.3.1/../../../../arm-atollic-eabi/lib/armv7e-m/fpu/fpv5-sp-d16\libc_nano.a(lib_a-signalr.o)
                0x08002ca4                _getpid_r
 .text._getpid  0x08002ca8       0x10 c:/program files (x86)/atollic/truestudio for stm32 9.3.0/armtools/bin/../lib/gcc/arm-atollic-eabi/6.3.1/../../../../arm-atollic-eabi/lib/armv7e-m/fpu/fpv5-sp-d16\libnosys.a(getpid.o)
                0x08002ca8                _getpid
 .text._kill    0x08002cb8       0x10 c:/program files (x86)/atollic/truestudio for stm32 9.3.0/armtools/bin/../lib/gcc/arm-atollic-eabi/6.3.1/../../../../arm-atollic-eabi/lib/armv7e-m/fpu/fpv5-sp-d16\libnosys.a(kill.o)
                0x08002cb8                _kill
 .text._exit    0x08002cc8        0x2 c:/program files (x86)/atollic/truestudio for stm32 9.3.0/armtools/bin/../lib/gcc/arm-atollic-eabi/6.3.1/../../../../arm-atollic-eabi/lib/armv7e-m/fpu/fpv5-sp-d16\libnosys.a(_exit.o)
                0x08002cc8                _exit
 *(.glue_7)
 .glue_7        0x08002cca        0x0 linker stubs
 *(.glue_7t)
 .glue_7t       0x08002cca        0x0 linker stubs
 *(.eh_frame)
 *fill*         0x08002cca        0x2 
 .eh_frame      0x08002ccc        0x0 c:/program files (x86)/atollic/truestudio for stm32 9.3.0/armtools/bin/../lib/gcc/arm-atollic-eabi/6.3.1/armv7e-m/fpu/fpv5-sp-d16/crtbegin.o
 *(.init)
 .init          0x08002ccc        0x4 c:/program files (x86)/atollic/truestudio for stm32 9.3.0/armtools/bin/../lib/gcc/arm-atollic-eabi/6.3.1/armv7e-m/fpu/fpv5-sp-d16/crti.o
                0x08002ccc                _init
 .init          0x08002cd0        0x8 c:/program files (x86)/atollic/truestudio for stm32 9.3.0/armtools/bin/../lib/gcc/arm-atollic-eabi/6.3.1/armv7e-m/fpu/fpv5-sp-d16/crtn.o
 *(.fini)
 .fini          0x08002cd8        0x4 c:/program files (x86)/atollic/truestudio for stm32 9.3.0/armtools/bin/../lib/gcc/arm-atollic-eabi/6.3.1/armv7e-m/fpu/fpv5-sp-d16/crti.o
                0x08002cd8                _fini
 .fini          0x08002cdc        0x8 c:/program files (x86)/atollic/truestudio for stm32 9.3.0/armtools/bin/../lib/gcc/arm-atollic-eabi/6.3.1/armv7e-m/fpu/fpv5-sp-d16/crtn.o
                0x08002ce4                . = ALIGN (0x4)
                0x08002ce4                _etext = .

.vfp11_veneer   0x08002ce4        0x0
 .vfp11_veneer  0x08002ce4        0x0 linker stubs

.v4_bx          0x08002ce4        0x0
 .v4_bx         0x08002ce4        0x0 linker stubs

.iplt           0x08002ce4        0x0
 .iplt          0x08002ce4        0x0 c:/program files (x86)/atollic/truestudio for stm32 9.3.0/armtools/bin/../lib/gcc/arm-atollic-eabi/6.3.1/armv7e-m/fpu/fpv5-sp-d16/crtbegin.o

.rodata         0x08002ce4       0x18
                0x08002ce4                . = ALIGN (0x4)
 *(.rodata)
 *(.rodata*)
 .rodata.D1CorePrescTable
                0x08002ce4       0x10 src\bsp\cmsis\system_stm32h7xx.o
                0x08002ce4                D1CorePrescTable
 .rodata.led_tbl
                0x08002cf4        0x8 src\hw\driver\led.o
                0x08002cf4                led_tbl
                0x08002cfc                . = ALIGN (0x4)

.ARM.extab      0x08002cfc       0x24
 *(.ARM.extab* .gnu.linkonce.armextab.*)
 .ARM.extab.text._Z6apMainv
                0x08002cfc        0xc src\ap\ap.o
 .ARM.extab     0x08002d08       0x18 c:/program files (x86)/atollic/truestudio for stm32 9.3.0/armtools/bin/../lib/gcc/arm-atollic-eabi/6.3.1/armv7e-m/fpu/fpv5-sp-d16\libgcc.a(pr-support.o)

.ARM            0x08002d20       0xe0
                0x08002d20                __exidx_start = .
 *(.ARM.exidx*)
 .ARM.exidx.text._Z6apInitv
                0x08002dd8        0x8 src\ap\ap.o
 .ARM.exidx.text._Z6apMainv
                0x08002de0       0x10 src\ap\ap.o
                                  0x8 (size before relaxing)
 .ARM.exidx.text.main
                0x08002df0       0x10 src\lib\main.o
                                  0x8 (size before relaxing)
 .ARM.exidx     0x08002d20       0x80 c:/program files (x86)/atollic/truestudio for stm32 9.3.0/armtools/bin/../lib/gcc/arm-atollic-eabi/6.3.1/armv7e-m/fpu/fpv5-sp-d16\libgcc.a(unwind-arm.o)
                                 0xd8 (size before relaxing)
 .ARM.exidx     0x08002da0       0x38 c:/program files (x86)/atollic/truestudio for stm32 9.3.0/armtools/bin/../lib/gcc/arm-atollic-eabi/6.3.1/armv7e-m/fpu/fpv5-sp-d16\libgcc.a(pr-support.o)
                                 0x48 (size before relaxing)
                0x08002e00                __exidx_end = .

.rel.dyn        0x08002e00        0x0
 .rel.iplt      0x08002e00        0x0 c:/program files (x86)/atollic/truestudio for stm32 9.3.0/armtools/bin/../lib/gcc/arm-atollic-eabi/6.3.1/armv7e-m/fpu/fpv5-sp-d16/crtbegin.o

.preinit_array  0x08002e00        0x0
                0x08002e00                PROVIDE (__preinit_array_start, .)
 *(.preinit_array*)
                0x08002e00                PROVIDE (__preinit_array_end, .)

.init_array     0x08002e00        0x4
                0x08002e00                PROVIDE (__init_array_start, .)
 *(SORT(.init_array.*))
 *(.init_array*)
 .init_array    0x08002e00        0x4 c:/program files (x86)/atollic/truestudio for stm32 9.3.0/armtools/bin/../lib/gcc/arm-atollic-eabi/6.3.1/armv7e-m/fpu/fpv5-sp-d16/crtbegin.o
                0x08002e04                PROVIDE (__init_array_end, .)

.fini_array     0x08002e04        0x4
                [!provide]                PROVIDE (__fini_array_start, .)
 *(SORT(.fini_array.*))
 *(.fini_array*)
 .fini_array    0x08002e04        0x4 c:/program files (x86)/atollic/truestudio for stm32 9.3.0/armtools/bin/../lib/gcc/arm-atollic-eabi/6.3.1/armv7e-m/fpu/fpv5-sp-d16/crtbegin.o
                [!provide]                PROVIDE (__fini_array_end, .)
                0x08002e08                _sidata = LOADADDR (.data)

.data           0x20000000       0x74 load address 0x08002e08
                0x20000000                . = ALIGN (0x4)
                0x20000000                _sdata = .
 *(.data)
 *(.data*)
 .data.SystemCoreClock
                0x20000000        0x4 src\bsp\cmsis\system_stm32h7xx.o
                0x20000000                SystemCoreClock
 .data.SystemD2Clock
                0x20000004        0x4 src\bsp\cmsis\system_stm32h7xx.o
                0x20000004                SystemD2Clock
 .data.uwTickPrio
                0x20000008        0x4 src\lib\STM32H7xx_HAL_Driver\Src\stm32h7xx_hal.o
                0x20000008                uwTickPrio
 .data.uwTickFreq
                0x2000000c        0x1 src\lib\STM32H7xx_HAL_Driver\Src\stm32h7xx_hal.o
                0x2000000c                uwTickFreq
 *fill*         0x2000000d        0x3 
 .data._impure_ptr
                0x20000010        0x4 c:/program files (x86)/atollic/truestudio for stm32 9.3.0/armtools/bin/../lib/gcc/arm-atollic-eabi/6.3.1/../../../../arm-atollic-eabi/lib/armv7e-m/fpu/fpv5-sp-d16\libc_nano.a(lib_a-impure.o)
                0x20000010                _impure_ptr
 .data.impure_data
                0x20000014       0x60 c:/program files (x86)/atollic/truestudio for stm32 9.3.0/armtools/bin/../lib/gcc/arm-atollic-eabi/6.3.1/../../../../arm-atollic-eabi/lib/armv7e-m/fpu/fpv5-sp-d16\libc_nano.a(lib_a-impure.o)
                0x20000074                . = ALIGN (0x4)
                0x20000074                _edata = .

.igot.plt       0x20000074        0x0 load address 0x08002e7c
 .igot.plt      0x20000074        0x0 c:/program files (x86)/atollic/truestudio for stm32 9.3.0/armtools/bin/../lib/gcc/arm-atollic-eabi/6.3.1/armv7e-m/fpu/fpv5-sp-d16/crtbegin.o
                0x20000074                . = ALIGN (0x4)

.bss            0x20000074       0x28 load address 0x08002e7c
                0x20000074                _sbss = .
                0x20000074                __bss_start__ = _sbss
 *(.bss)
 .bss           0x20000074       0x1c c:/program files (x86)/atollic/truestudio for stm32 9.3.0/armtools/bin/../lib/gcc/arm-atollic-eabi/6.3.1/armv7e-m/fpu/fpv5-sp-d16/crtbegin.o
 *(.bss*)
 .bss.is_init   0x20000090        0x1 src\hw\driver\led.o
 *(COMMON)
 *fill*         0x20000091        0x3 
 COMMON         0x20000094        0x4 src\lib\STM32H7xx_HAL_Driver\Src\stm32h7xx_hal.o
                0x20000094                uwTick
 COMMON         0x20000098        0x4 c:/program files (x86)/atollic/truestudio for stm32 9.3.0/armtools/bin/../lib/gcc/arm-atollic-eabi/6.3.1/../../../../arm-atollic-eabi/lib/armv7e-m/fpu/fpv5-sp-d16\libc_nano.a(lib_a-reent.o)
                0x20000098                errno
                0x2000009c                . = ALIGN (0x4)
                0x2000009c                _ebss = .
                0x2000009c                __bss_end__ = _ebss

._user_heap_stack
                0x2000009c      0x600 load address 0x08002e7c
                0x2000009c                . = ALIGN (0x4)
                0x2000009c                PROVIDE (end, .)
                [!provide]                PROVIDE (_end, .)
                0x2000029c                . = (. + _Min_Heap_Size)
 *fill*         0x2000009c      0x200 
                0x2000069c                . = (. + _Min_Stack_Size)
 *fill*         0x2000029c      0x400 
                0x2000069c                . = ALIGN (0x4)

/DISCARD/
 libc.a(*)
 libm.a(*)
 libgcc.a(*)

.ARM.attributes
                0x00000000       0x30
 *(.ARM.attributes)
 .ARM.attributes
                0x00000000       0x22 c:/program files (x86)/atollic/truestudio for stm32 9.3.0/armtools/bin/../lib/gcc/arm-atollic-eabi/6.3.1/armv7e-m/fpu/fpv5-sp-d16/crti.o
 .ARM.attributes
                0x00000022       0x34 c:/program files (x86)/atollic/truestudio for stm32 9.3.0/armtools/bin/../lib/gcc/arm-atollic-eabi/6.3.1/armv7e-m/fpu/fpv5-sp-d16/crtbegin.o
 .ARM.attributes
                0x00000056       0x39 src\ap\ap.o
 .ARM.attributes
                0x0000008f       0x39 src\bsp\bsp.o
 .ARM.attributes
                0x000000c8       0x39 src\bsp\cmsis\system_stm32h7xx.o
 .ARM.attributes
                0x00000101       0x21 src\bsp\startup\startup_stm32h750xx.o
 .ARM.attributes
                0x00000122       0x39 src\bsp\stm32h7xx_it.o
 .ARM.attributes
                0x0000015b       0x39 src\hw\core\delay.o
 .ARM.attributes
                0x00000194       0x39 src\hw\core\millis.o
 .ARM.attributes
                0x000001cd       0x39 src\hw\driver\led.o
 .ARM.attributes
                0x00000206       0x39 src\hw\hw.o
 .ARM.attributes
                0x0000023f       0x39 src\lib\STM32H7xx_HAL_Driver\Src\stm32h7xx_hal.o
 .ARM.attributes
                0x00000278       0x39 src\lib\STM32H7xx_HAL_Driver\Src\stm32h7xx_hal_cortex.o
 .ARM.attributes
                0x000002b1       0x39 src\lib\STM32H7xx_HAL_Driver\Src\stm32h7xx_hal_gpio.o
 .ARM.attributes
                0x000002ea       0x39 src\lib\STM32H7xx_HAL_Driver\Src\stm32h7xx_hal_pwr_ex.o
 .ARM.attributes
                0x00000323       0x39 src\lib\STM32H7xx_HAL_Driver\Src\stm32h7xx_hal_rcc.o
 .ARM.attributes
                0x0000035c       0x39 src\lib\main.o
 .ARM.attributes
                0x00000395       0x34 c:/program files (x86)/atollic/truestudio for stm32 9.3.0/armtools/bin/../lib/gcc/arm-atollic-eabi/6.3.1/../../../../arm-atollic-eabi/lib/armv7e-m/fpu/fpv5-sp-d16\libc_nano.a(lib_a-init.o)
 .ARM.attributes
                0x000003c9       0x34 c:/program files (x86)/atollic/truestudio for stm32 9.3.0/armtools/bin/../lib/gcc/arm-atollic-eabi/6.3.1/../../../../arm-atollic-eabi/lib/armv7e-m/fpu/fpv5-sp-d16\libc_nano.a(lib_a-memset.o)
 .ARM.attributes
                0x000003fd       0x22 c:/program files (x86)/atollic/truestudio for stm32 9.3.0/armtools/bin/../lib/gcc/arm-atollic-eabi/6.3.1/armv7e-m/fpu/fpv5-sp-d16/crtn.o
OUTPUT(stm32h750_fw.elf elf32-littlearm)

.debug_info     0x00000000     0xfc88
 .debug_info    0x00000000      0xf89 src\ap\ap.o
 .debug_info    0x00000f89     0x1313 src\bsp\bsp.o
 .debug_info    0x0000229c     0x11f7 src\bsp\cmsis\system_stm32h7xx.o
 .debug_info    0x00003493       0x76 src\bsp\startup\startup_stm32h750xx.o
 .debug_info    0x00003509      0xb40 src\bsp\stm32h7xx_it.o
 .debug_info    0x00004049      0xae6 src\hw\core\delay.o
 .debug_info    0x00004b2f      0xad8 src\hw\core\millis.o
 .debug_info    0x00005607      0xd0c src\hw\driver\led.o
 .debug_info    0x00006313      0xab8 src\hw\hw.o
 .debug_info    0x00006dcb     0x1e03 src\lib\STM32H7xx_HAL_Driver\Src\stm32h7xx_hal.o
 .debug_info    0x00008bce     0x1a78 src\lib\STM32H7xx_HAL_Driver\Src\stm32h7xx_hal_cortex.o
 .debug_info    0x0000a646     0x163d src\lib\STM32H7xx_HAL_Driver\Src\stm32h7xx_hal_gpio.o
 .debug_info    0x0000bc83     0x1913 src\lib\STM32H7xx_HAL_Driver\Src\stm32h7xx_hal_pwr_ex.o
 .debug_info    0x0000d596     0x179f src\lib\STM32H7xx_HAL_Driver\Src\stm32h7xx_hal_rcc.o
 .debug_info    0x0000ed35      0xf53 src\lib\main.o

.debug_abbrev   0x00000000     0x2159
 .debug_abbrev  0x00000000      0x290 src\ap\ap.o
 .debug_abbrev  0x00000290      0x237 src\bsp\bsp.o
 .debug_abbrev  0x000004c7      0x209 src\bsp\cmsis\system_stm32h7xx.o
 .debug_abbrev  0x000006d0       0x12 src\bsp\startup\startup_stm32h750xx.o
 .debug_abbrev  0x000006e2      0x1c2 src\bsp\stm32h7xx_it.o
 .debug_abbrev  0x000008a4      0x1d5 src\hw\core\delay.o
 .debug_abbrev  0x00000a79      0x1c6 src\hw\core\millis.o
 .debug_abbrev  0x00000c3f      0x22b src\hw\driver\led.o
 .debug_abbrev  0x00000e6a      0x1aa src\hw\hw.o
 .debug_abbrev  0x00001014      0x2d2 src\lib\STM32H7xx_HAL_Driver\Src\stm32h7xx_hal.o
 .debug_abbrev  0x000012e6      0x3ae src\lib\STM32H7xx_HAL_Driver\Src\stm32h7xx_hal_cortex.o
 .debug_abbrev  0x00001694      0x288 src\lib\STM32H7xx_HAL_Driver\Src\stm32h7xx_hal_gpio.o
 .debug_abbrev  0x0000191c      0x30a src\lib\STM32H7xx_HAL_Driver\Src\stm32h7xx_hal_pwr_ex.o
 .debug_abbrev  0x00001c26      0x2db src\lib\STM32H7xx_HAL_Driver\Src\stm32h7xx_hal_rcc.o
 .debug_abbrev  0x00001f01      0x258 src\lib\main.o

.debug_aranges  0x00000000      0x6e8
 .debug_aranges
                0x00000000       0x28 src\ap\ap.o
 .debug_aranges
                0x00000028       0x30 src\bsp\bsp.o
 .debug_aranges
                0x00000058       0x28 src\bsp\cmsis\system_stm32h7xx.o
 .debug_aranges
                0x00000080       0x28 src\bsp\startup\startup_stm32h750xx.o
 .debug_aranges
                0x000000a8       0x60 src\bsp\stm32h7xx_it.o
 .debug_aranges
                0x00000108       0x28 src\hw\core\delay.o
 .debug_aranges
                0x00000130       0x28 src\hw\core\millis.o
 .debug_aranges
                0x00000158       0x40 src\hw\driver\led.o
 .debug_aranges
                0x00000198       0x20 src\hw\hw.o
 .debug_aranges
                0x000001b8      0x1b8 src\lib\STM32H7xx_HAL_Driver\Src\stm32h7xx_hal.o
 .debug_aranges
                0x00000370      0x120 src\lib\STM32H7xx_HAL_Driver\Src\stm32h7xx_hal_cortex.o
 .debug_aranges
                0x00000490       0x58 src\lib\STM32H7xx_HAL_Driver\Src\stm32h7xx_hal_gpio.o
 .debug_aranges
                0x000004e8      0x158 src\lib\STM32H7xx_HAL_Driver\Src\stm32h7xx_hal_pwr_ex.o
 .debug_aranges
                0x00000640       0x88 src\lib\STM32H7xx_HAL_Driver\Src\stm32h7xx_hal_rcc.o
 .debug_aranges
                0x000006c8       0x20 src\lib\main.o

.debug_ranges   0x00000000      0x600
 .debug_ranges  0x00000000       0x18 src\ap\ap.o
 .debug_ranges  0x00000018       0x20 src\bsp\bsp.o
 .debug_ranges  0x00000038       0x18 src\bsp\cmsis\system_stm32h7xx.o
 .debug_ranges  0x00000050       0x20 src\bsp\startup\startup_stm32h750xx.o
 .debug_ranges  0x00000070       0x50 src\bsp\stm32h7xx_it.o
 .debug_ranges  0x000000c0       0x18 src\hw\core\delay.o
 .debug_ranges  0x000000d8       0x18 src\hw\core\millis.o
 .debug_ranges  0x000000f0       0x30 src\hw\driver\led.o
 .debug_ranges  0x00000120       0x10 src\hw\hw.o
 .debug_ranges  0x00000130      0x1a8 src\lib\STM32H7xx_HAL_Driver\Src\stm32h7xx_hal.o
 .debug_ranges  0x000002d8      0x110 src\lib\STM32H7xx_HAL_Driver\Src\stm32h7xx_hal_cortex.o
 .debug_ranges  0x000003e8       0x48 src\lib\STM32H7xx_HAL_Driver\Src\stm32h7xx_hal_gpio.o
 .debug_ranges  0x00000430      0x148 src\lib\STM32H7xx_HAL_Driver\Src\stm32h7xx_hal_pwr_ex.o
 .debug_ranges  0x00000578       0x78 src\lib\STM32H7xx_HAL_Driver\Src\stm32h7xx_hal_rcc.o
 .debug_ranges  0x000005f0       0x10 src\lib\main.o

.debug_line     0x00000000     0x461c
 .debug_line    0x00000000      0x4e6 src\ap\ap.o
 .debug_line    0x000004e6      0x3ce src\bsp\bsp.o
 .debug_line    0x000008b4      0x342 src\bsp\cmsis\system_stm32h7xx.o
 .debug_line    0x00000bf6       0x86 src\bsp\startup\startup_stm32h750xx.o
 .debug_line    0x00000c7c      0x400 src\bsp\stm32h7xx_it.o
 .debug_line    0x0000107c      0x375 src\hw\core\delay.o
 .debug_line    0x000013f1      0x374 src\hw\core\millis.o
 .debug_line    0x00001765      0x3f9 src\hw\driver\led.o
 .debug_line    0x00001b5e      0x35f src\hw\hw.o
 .debug_line    0x00001ebd      0x77c src\lib\STM32H7xx_HAL_Driver\Src\stm32h7xx_hal.o
 .debug_line    0x00002639      0x6e1 src\lib\STM32H7xx_HAL_Driver\Src\stm32h7xx_hal_cortex.o
 .debug_line    0x00002d1a      0x58d src\lib\STM32H7xx_HAL_Driver\Src\stm32h7xx_hal_gpio.o
 .debug_line    0x000032a7      0x77b src\lib\STM32H7xx_HAL_Driver\Src\stm32h7xx_hal_pwr_ex.o
 .debug_line    0x00003a22      0x756 src\lib\STM32H7xx_HAL_Driver\Src\stm32h7xx_hal_rcc.o
 .debug_line    0x00004178      0x4a4 src\lib\main.o

.debug_str      0x00000000     0x2ff1
 .debug_str     0x00000000      0x92e src\ap\ap.o
                                0xa3b (size before relaxing)
 .debug_str     0x0000092e      0x568 src\bsp\bsp.o
                                0xd2c (size before relaxing)
 .debug_str     0x00000e96      0x1e3 src\bsp\cmsis\system_stm32h7xx.o
                                0xa9c (size before relaxing)
 .debug_str     0x00001079       0xaa src\bsp\stm32h7xx_it.o
                                0x931 (size before relaxing)
 .debug_str     0x00001123       0x2d src\hw\core\delay.o
                                0x8b4 (size before relaxing)
 .debug_str     0x00001150       0x2a src\hw\core\millis.o
                                0x8b7 (size before relaxing)
 .debug_str     0x0000117a      0x10e src\hw\driver\led.o
                                0x9ae (size before relaxing)
 .debug_str     0x00001288       0x16 src\hw\hw.o
                                0x89d (size before relaxing)
 .debug_str     0x0000129e      0xf2d src\lib\STM32H7xx_HAL_Driver\Src\stm32h7xx_hal.o
                               0x1afd (size before relaxing)
 .debug_str     0x000021cb      0x4b9 src\lib\STM32H7xx_HAL_Driver\Src\stm32h7xx_hal_cortex.o
                               0x1713 (size before relaxing)
 .debug_str     0x00002684      0x10f src\lib\STM32H7xx_HAL_Driver\Src\stm32h7xx_hal_gpio.o
                                0xdb5 (size before relaxing)
 .debug_str     0x00002793      0x54a src\lib\STM32H7xx_HAL_Driver\Src\stm32h7xx_hal_pwr_ex.o
                               0x10f2 (size before relaxing)
 .debug_str     0x00002cdd      0x300 src\lib\STM32H7xx_HAL_Driver\Src\stm32h7xx_hal_rcc.o
                               0x107b (size before relaxing)
 .debug_str     0x00002fdd       0x14 src\lib\main.o
                                0xa16 (size before relaxing)

.comment        0x00000000       0x7c
 .comment       0x00000000       0x7c src\ap\ap.o
                                 0x7d (size before relaxing)
 .comment       0x0000007c       0x7d src\bsp\bsp.o
 .comment       0x0000007c       0x7d src\bsp\cmsis\system_stm32h7xx.o
 .comment       0x0000007c       0x7d src\bsp\stm32h7xx_it.o
 .comment       0x0000007c       0x7d src\hw\core\delay.o
 .comment       0x0000007c       0x7d src\hw\core\millis.o
 .comment       0x0000007c       0x7d src\hw\driver\led.o
 .comment       0x0000007c       0x7d src\hw\hw.o
 .comment       0x0000007c       0x7d src\lib\STM32H7xx_HAL_Driver\Src\stm32h7xx_hal.o
 .comment       0x0000007c       0x7d src\lib\STM32H7xx_HAL_Driver\Src\stm32h7xx_hal_cortex.o
 .comment       0x0000007c       0x7d src\lib\STM32H7xx_HAL_Driver\Src\stm32h7xx_hal_gpio.o
 .comment       0x0000007c       0x7d src\lib\STM32H7xx_HAL_Driver\Src\stm32h7xx_hal_pwr_ex.o
 .comment       0x0000007c       0x7d src\lib\STM32H7xx_HAL_Driver\Src\stm32h7xx_hal_rcc.o
 .comment       0x0000007c       0x7d src\lib\main.o

.debug_frame    0x00000000     0x18b8
 .debug_frame   0x00000000       0x4c src\ap\ap.o
 .debug_frame   0x0000004c       0x78 src\bsp\bsp.o
 .debug_frame   0x000000c4       0x58 src\bsp\cmsis\system_stm32h7xx.o
 .debug_frame   0x0000011c      0x10c src\bsp\stm32h7xx_it.o
 .debug_frame   0x00000228       0x54 src\hw\core\delay.o
 .debug_frame   0x0000027c       0x4c src\hw\core\millis.o
 .debug_frame   0x000002c8       0xc0 src\hw\driver\led.o
 .debug_frame   0x00000388       0x2c src\hw\hw.o
 .debug_frame   0x000003b4      0x710 src\lib\STM32H7xx_HAL_Driver\Src\stm32h7xx_hal.o
 .debug_frame   0x00000ac4      0x4b8 src\lib\STM32H7xx_HAL_Driver\Src\stm32h7xx_hal_cortex.o
 .debug_frame   0x00000f7c      0x14c src\lib\STM32H7xx_HAL_Driver\Src\stm32h7xx_hal_gpio.o
 .debug_frame   0x000010c8      0x580 src\lib\STM32H7xx_HAL_Driver\Src\stm32h7xx_hal_pwr_ex.o
 .debug_frame   0x00001648      0x1f8 src\lib\STM32H7xx_HAL_Driver\Src\stm32h7xx_hal_rcc.o
 .debug_frame   0x00001840       0x2c src\lib\main.o
 .debug_frame   0x0000186c       0x2c c:/program files (x86)/atollic/truestudio for stm32 9.3.0/armtools/bin/../lib/gcc/arm-atollic-eabi/6.3.1/../../../../arm-atollic-eabi/lib/armv7e-m/fpu/fpv5-sp-d16\libc_nano.a(lib_a-init.o)
 .debug_frame   0x00001898       0x20 c:/program files (x86)/atollic/truestudio for stm32 9.3.0/armtools/bin/../lib/gcc/arm-atollic-eabi/6.3.1/../../../../arm-atollic-eabi/lib/armv7e-m/fpu/fpv5-sp-d16\libc_nano.a(lib_a-memset.o)

.stabstr        0x00000000       0x76
 .stabstr       0x00000000       0x76 c:/program files (x86)/atollic/truestudio for stm32 9.3.0/armtools/bin/../lib/gcc/arm-atollic-eabi/6.3.1/../../../../arm-atollic-eabi/lib/armv7e-m/fpu/fpv5-sp-d16\libnosys.a(getpid.o)

Cross Reference Table

Symbol                                            File
ADC3_IRQHandler                                   src\bsp\startup\startup_stm32h750xx.o
ADC_IRQHandler                                    src\bsp\startup\startup_stm32h750xx.o
BDMA_Channel0_IRQHandler                          src\bsp\startup\startup_stm32h750xx.o
BDMA_Channel1_IRQHandler                          src\bsp\startup\startup_stm32h750xx.o
BDMA_Channel2_IRQHandler                          src\bsp\startup\startup_stm32h750xx.o
BDMA_Channel3_IRQHandler                          src\bsp\startup\startup_stm32h750xx.o
BDMA_Channel4_IRQHandler                          src\bsp\startup\startup_stm32h750xx.o
BDMA_Channel5_IRQHandler                          src\bsp\startup\startup_stm32h750xx.o
BDMA_Channel6_IRQHandler                          src\bsp\startup\startup_stm32h750xx.o
BDMA_Channel7_IRQHandler                          src\bsp\startup\startup_stm32h750xx.o
BusFault_Handler                                  src\bsp\stm32h7xx_it.o
                                                  src\bsp\startup\startup_stm32h750xx.o
CEC_IRQHandler                                    src\bsp\startup\startup_stm32h750xx.o
COMP1_IRQHandler                                  src\bsp\startup\startup_stm32h750xx.o
CRS_IRQHandler                                    src\bsp\startup\startup_stm32h750xx.o
CRYP_IRQHandler                                   src\bsp\startup\startup_stm32h750xx.o
D1CorePrescTable                                  src\bsp\cmsis\system_stm32h7xx.o
                                                  src\lib\STM32H7xx_HAL_Driver\Src\stm32h7xx_hal_rcc_ex.o
                                                  src\lib\STM32H7xx_HAL_Driver\Src\stm32h7xx_hal_rcc.o
                                                  src\lib\STM32H7xx_HAL_Driver\Src\stm32h7xx_hal.o
DCMI_IRQHandler                                   src\bsp\startup\startup_stm32h750xx.o
DFSDM1_FLT0_IRQHandler                            src\bsp\startup\startup_stm32h750xx.o
DFSDM1_FLT1_IRQHandler                            src\bsp\startup\startup_stm32h750xx.o
DFSDM1_FLT2_IRQHandler                            src\bsp\startup\startup_stm32h750xx.o
DFSDM1_FLT3_IRQHandler                            src\bsp\startup\startup_stm32h750xx.o
DMA1_Stream0_IRQHandler                           src\bsp\startup\startup_stm32h750xx.o
DMA1_Stream1_IRQHandler                           src\bsp\startup\startup_stm32h750xx.o
DMA1_Stream2_IRQHandler                           src\bsp\startup\startup_stm32h750xx.o
DMA1_Stream3_IRQHandler                           src\bsp\startup\startup_stm32h750xx.o
DMA1_Stream4_IRQHandler                           src\bsp\startup\startup_stm32h750xx.o
DMA1_Stream5_IRQHandler                           src\bsp\startup\startup_stm32h750xx.o
DMA1_Stream6_IRQHandler                           src\bsp\startup\startup_stm32h750xx.o
DMA1_Stream7_IRQHandler                           src\bsp\startup\startup_stm32h750xx.o
DMA2D_IRQHandler                                  src\bsp\startup\startup_stm32h750xx.o
DMA2_Stream0_IRQHandler                           src\bsp\startup\startup_stm32h750xx.o
DMA2_Stream1_IRQHandler                           src\bsp\startup\startup_stm32h750xx.o
DMA2_Stream2_IRQHandler                           src\bsp\startup\startup_stm32h750xx.o
DMA2_Stream3_IRQHandler                           src\bsp\startup\startup_stm32h750xx.o
DMA2_Stream4_IRQHandler                           src\bsp\startup\startup_stm32h750xx.o
DMA2_Stream5_IRQHandler                           src\bsp\startup\startup_stm32h750xx.o
DMA2_Stream6_IRQHandler                           src\bsp\startup\startup_stm32h750xx.o
DMA2_Stream7_IRQHandler                           src\bsp\startup\startup_stm32h750xx.o
DMAMUX1_OVR_IRQHandler                            src\bsp\startup\startup_stm32h750xx.o
DMAMUX2_OVR_IRQHandler                            src\bsp\startup\startup_stm32h750xx.o
DebugMon_Handler                                  src\bsp\stm32h7xx_it.o
                                                  src\bsp\startup\startup_stm32h750xx.o
Default_Handler                                   src\bsp\startup\startup_stm32h750xx.o
ECC_IRQHandler                                    src\bsp\startup\startup_stm32h750xx.o
ETH_IRQHandler                                    src\bsp\startup\startup_stm32h750xx.o
ETH_WKUP_IRQHandler                               src\bsp\startup\startup_stm32h750xx.o
EXTI0_IRQHandler                                  src\bsp\startup\startup_stm32h750xx.o
EXTI15_10_IRQHandler                              src\bsp\startup\startup_stm32h750xx.o
EXTI1_IRQHandler                                  src\bsp\startup\startup_stm32h750xx.o
EXTI2_IRQHandler                                  src\bsp\startup\startup_stm32h750xx.o
EXTI3_IRQHandler                                  src\bsp\startup\startup_stm32h750xx.o
EXTI4_IRQHandler                                  src\bsp\startup\startup_stm32h750xx.o
EXTI9_5_IRQHandler                                src\bsp\startup\startup_stm32h750xx.o
Error_Handler                                     src\bsp\bsp.o
FDCAN1_IT0_IRQHandler                             src\bsp\startup\startup_stm32h750xx.o
FDCAN1_IT1_IRQHandler                             src\bsp\startup\startup_stm32h750xx.o
FDCAN2_IT0_IRQHandler                             src\bsp\startup\startup_stm32h750xx.o
FDCAN2_IT1_IRQHandler                             src\bsp\startup\startup_stm32h750xx.o
FDCAN_CAL_IRQHandler                              src\bsp\startup\startup_stm32h750xx.o
FLASH_CRC_WaitForLastOperation                    src\lib\STM32H7xx_HAL_Driver\Src\stm32h7xx_hal_flash.o
                                                  src\lib\STM32H7xx_HAL_Driver\Src\stm32h7xx_hal_flash_ex.o
FLASH_Erase_Sector                                src\lib\STM32H7xx_HAL_Driver\Src\stm32h7xx_hal_flash_ex.o
                                                  src\lib\STM32H7xx_HAL_Driver\Src\stm32h7xx_hal_flash.o
FLASH_IRQHandler                                  src\bsp\startup\startup_stm32h750xx.o
FLASH_OB_WaitForLastOperation                     src\lib\STM32H7xx_HAL_Driver\Src\stm32h7xx_hal_flash.o
                                                  src\lib\STM32H7xx_HAL_Driver\Src\stm32h7xx_hal_flash_ex.o
FLASH_WaitForLastOperation                        src\lib\STM32H7xx_HAL_Driver\Src\stm32h7xx_hal_flash.o
                                                  src\lib\STM32H7xx_HAL_Driver\Src\stm32h7xx_hal_flash_ex.o
FMC_IRQHandler                                    src\bsp\startup\startup_stm32h750xx.o
FPU_IRQHandler                                    src\bsp\startup\startup_stm32h750xx.o
HAL_DBGMCU_DisableDBGSleepMode                    src\lib\STM32H7xx_HAL_Driver\Src\stm32h7xx_hal.o
HAL_DBGMCU_DisableDBGStandbyMode                  src\lib\STM32H7xx_HAL_Driver\Src\stm32h7xx_hal.o
HAL_DBGMCU_DisableDBGStopMode                     src\lib\STM32H7xx_HAL_Driver\Src\stm32h7xx_hal.o
HAL_DBGMCU_EnableDBGSleepMode                     src\lib\STM32H7xx_HAL_Driver\Src\stm32h7xx_hal.o
HAL_DBGMCU_EnableDBGStandbyMode                   src\lib\STM32H7xx_HAL_Driver\Src\stm32h7xx_hal.o
HAL_DBGMCU_EnableDBGStopMode                      src\lib\STM32H7xx_HAL_Driver\Src\stm32h7xx_hal.o
HAL_DMAEx_ChangeMemory                            src\lib\STM32H7xx_HAL_Driver\Src\stm32h7xx_hal_dma_ex.o
HAL_DMAEx_ConfigMuxRequestGenerator               src\lib\STM32H7xx_HAL_Driver\Src\stm32h7xx_hal_dma_ex.o
HAL_DMAEx_ConfigMuxSync                           src\lib\STM32H7xx_HAL_Driver\Src\stm32h7xx_hal_dma_ex.o
HAL_DMAEx_DisableMuxRequestGenerator              src\lib\STM32H7xx_HAL_Driver\Src\stm32h7xx_hal_dma_ex.o
HAL_DMAEx_EnableMuxRequestGenerator               src\lib\STM32H7xx_HAL_Driver\Src\stm32h7xx_hal_dma_ex.o
HAL_DMAEx_MUX_IRQHandler                          src\lib\STM32H7xx_HAL_Driver\Src\stm32h7xx_hal_dma_ex.o
HAL_DMAEx_MultiBufferStart                        src\lib\STM32H7xx_HAL_Driver\Src\stm32h7xx_hal_dma_ex.o
HAL_DMAEx_MultiBufferStart_IT                     src\lib\STM32H7xx_HAL_Driver\Src\stm32h7xx_hal_dma_ex.o
HAL_DMA_Abort                                     src\lib\STM32H7xx_HAL_Driver\Src\stm32h7xx_hal_dma.o
HAL_DMA_Abort_IT                                  src\lib\STM32H7xx_HAL_Driver\Src\stm32h7xx_hal_dma.o
                                                  src\lib\STM32H7xx_HAL_Driver\Src\stm32h7xx_hal_i2c.o
HAL_DMA_DeInit                                    src\lib\STM32H7xx_HAL_Driver\Src\stm32h7xx_hal_dma.o
HAL_DMA_GetError                                  src\lib\STM32H7xx_HAL_Driver\Src\stm32h7xx_hal_dma.o
                                                  src\lib\STM32H7xx_HAL_Driver\Src\stm32h7xx_hal_i2c.o
HAL_DMA_GetState                                  src\lib\STM32H7xx_HAL_Driver\Src\stm32h7xx_hal_dma.o
                                                  src\lib\STM32H7xx_HAL_Driver\Src\stm32h7xx_hal_i2c.o
HAL_DMA_IRQHandler                                src\lib\STM32H7xx_HAL_Driver\Src\stm32h7xx_hal_dma.o
HAL_DMA_Init                                      src\lib\STM32H7xx_HAL_Driver\Src\stm32h7xx_hal_dma.o
HAL_DMA_PollForTransfer                           src\lib\STM32H7xx_HAL_Driver\Src\stm32h7xx_hal_dma.o
HAL_DMA_RegisterCallback                          src\lib\STM32H7xx_HAL_Driver\Src\stm32h7xx_hal_dma.o
HAL_DMA_Start                                     src\lib\STM32H7xx_HAL_Driver\Src\stm32h7xx_hal_dma.o
HAL_DMA_Start_IT                                  src\lib\STM32H7xx_HAL_Driver\Src\stm32h7xx_hal_dma.o
                                                  src\lib\STM32H7xx_HAL_Driver\Src\stm32h7xx_hal_i2c.o
HAL_DMA_UnRegisterCallback                        src\lib\STM32H7xx_HAL_Driver\Src\stm32h7xx_hal_dma.o
HAL_DeInit                                        src\lib\STM32H7xx_HAL_Driver\Src\stm32h7xx_hal.o
HAL_Delay                                         src\lib\STM32H7xx_HAL_Driver\Src\stm32h7xx_hal.o
                                                  src\hw\core\delay.o
HAL_DisableCompensationCell                       src\lib\STM32H7xx_HAL_Driver\Src\stm32h7xx_hal.o
HAL_DisableDomain3DBGStandbyMode                  src\lib\STM32H7xx_HAL_Driver\Src\stm32h7xx_hal.o
HAL_DisableDomain3DBGStopMode                     src\lib\STM32H7xx_HAL_Driver\Src\stm32h7xx_hal.o
HAL_EXTI_ClearConfigLine                          src\lib\STM32H7xx_HAL_Driver\Src\stm32h7xx_hal_exti.o
HAL_EXTI_ClearPending                             src\lib\STM32H7xx_HAL_Driver\Src\stm32h7xx_hal_exti.o
HAL_EXTI_D1_ClearFlag                             src\lib\STM32H7xx_HAL_Driver\Src\stm32h7xx_hal.o
HAL_EXTI_D1_EventInputConfig                      src\lib\STM32H7xx_HAL_Driver\Src\stm32h7xx_hal.o
HAL_EXTI_D3_EventInputConfig                      src\lib\STM32H7xx_HAL_Driver\Src\stm32h7xx_hal.o
HAL_EXTI_EdgeConfig                               src\lib\STM32H7xx_HAL_Driver\Src\stm32h7xx_hal.o
HAL_EXTI_GenerateSWI                              src\lib\STM32H7xx_HAL_Driver\Src\stm32h7xx_hal_exti.o
HAL_EXTI_GenerateSWInterrupt                      src\lib\STM32H7xx_HAL_Driver\Src\stm32h7xx_hal.o
HAL_EXTI_GetConfigLine                            src\lib\STM32H7xx_HAL_Driver\Src\stm32h7xx_hal_exti.o
HAL_EXTI_GetHandle                                src\lib\STM32H7xx_HAL_Driver\Src\stm32h7xx_hal_exti.o
HAL_EXTI_GetPending                               src\lib\STM32H7xx_HAL_Driver\Src\stm32h7xx_hal_exti.o
HAL_EXTI_IRQHandler                               src\lib\STM32H7xx_HAL_Driver\Src\stm32h7xx_hal_exti.o
HAL_EXTI_RegisterCallback                         src\lib\STM32H7xx_HAL_Driver\Src\stm32h7xx_hal_exti.o
HAL_EXTI_SetConfigLine                            src\lib\STM32H7xx_HAL_Driver\Src\stm32h7xx_hal_exti.o
HAL_EnableCompensationCell                        src\lib\STM32H7xx_HAL_Driver\Src\stm32h7xx_hal.o
HAL_EnableDomain3DBGStandbyMode                   src\lib\STM32H7xx_HAL_Driver\Src\stm32h7xx_hal.o
HAL_EnableDomain3DBGStopMode                      src\lib\STM32H7xx_HAL_Driver\Src\stm32h7xx_hal.o
HAL_FLASHEx_ComputeCRC                            src\lib\STM32H7xx_HAL_Driver\Src\stm32h7xx_hal_flash_ex.o
HAL_FLASHEx_Erase                                 src\lib\STM32H7xx_HAL_Driver\Src\stm32h7xx_hal_flash_ex.o
HAL_FLASHEx_Erase_IT                              src\lib\STM32H7xx_HAL_Driver\Src\stm32h7xx_hal_flash_ex.o
HAL_FLASHEx_Lock_Bank1                            src\lib\STM32H7xx_HAL_Driver\Src\stm32h7xx_hal_flash_ex.o
HAL_FLASHEx_Lock_Bank2                            src\lib\STM32H7xx_HAL_Driver\Src\stm32h7xx_hal_flash_ex.o
HAL_FLASHEx_OBGetConfig                           src\lib\STM32H7xx_HAL_Driver\Src\stm32h7xx_hal_flash_ex.o
HAL_FLASHEx_OBProgram                             src\lib\STM32H7xx_HAL_Driver\Src\stm32h7xx_hal_flash_ex.o
HAL_FLASHEx_Unlock_Bank1                          src\lib\STM32H7xx_HAL_Driver\Src\stm32h7xx_hal_flash_ex.o
HAL_FLASHEx_Unlock_Bank2                          src\lib\STM32H7xx_HAL_Driver\Src\stm32h7xx_hal_flash_ex.o
HAL_FLASH_EndOfOperationCallback                  src\lib\STM32H7xx_HAL_Driver\Src\stm32h7xx_hal_flash.o
HAL_FLASH_GetError                                src\lib\STM32H7xx_HAL_Driver\Src\stm32h7xx_hal_flash.o
HAL_FLASH_IRQHandler                              src\lib\STM32H7xx_HAL_Driver\Src\stm32h7xx_hal_flash.o
HAL_FLASH_Lock                                    src\lib\STM32H7xx_HAL_Driver\Src\stm32h7xx_hal_flash.o
HAL_FLASH_OB_Launch                               src\lib\STM32H7xx_HAL_Driver\Src\stm32h7xx_hal_flash.o
HAL_FLASH_OB_Lock                                 src\lib\STM32H7xx_HAL_Driver\Src\stm32h7xx_hal_flash.o
HAL_FLASH_OB_Unlock                               src\lib\STM32H7xx_HAL_Driver\Src\stm32h7xx_hal_flash.o
HAL_FLASH_OperationErrorCallback                  src\lib\STM32H7xx_HAL_Driver\Src\stm32h7xx_hal_flash.o
HAL_FLASH_Program                                 src\lib\STM32H7xx_HAL_Driver\Src\stm32h7xx_hal_flash.o
HAL_FLASH_Program_IT                              src\lib\STM32H7xx_HAL_Driver\Src\stm32h7xx_hal_flash.o
HAL_FLASH_Unlock                                  src\lib\STM32H7xx_HAL_Driver\Src\stm32h7xx_hal_flash.o
HAL_GPIO_DeInit                                   src\lib\STM32H7xx_HAL_Driver\Src\stm32h7xx_hal_gpio.o
HAL_GPIO_EXTI_Callback                            src\lib\STM32H7xx_HAL_Driver\Src\stm32h7xx_hal_gpio.o
HAL_GPIO_EXTI_IRQHandler                          src\lib\STM32H7xx_HAL_Driver\Src\stm32h7xx_hal_gpio.o
HAL_GPIO_Init                                     src\lib\STM32H7xx_HAL_Driver\Src\stm32h7xx_hal_gpio.o
                                                  src\lib\STM32H7xx_HAL_Driver\Src\stm32h7xx_hal_rcc.o
                                                  src\hw\driver\led.o
HAL_GPIO_LockPin                                  src\lib\STM32H7xx_HAL_Driver\Src\stm32h7xx_hal_gpio.o
HAL_GPIO_ReadPin                                  src\lib\STM32H7xx_HAL_Driver\Src\stm32h7xx_hal_gpio.o
HAL_GPIO_TogglePin                                src\lib\STM32H7xx_HAL_Driver\Src\stm32h7xx_hal_gpio.o
                                                  src\hw\driver\led.o
HAL_GPIO_WritePin                                 src\lib\STM32H7xx_HAL_Driver\Src\stm32h7xx_hal_gpio.o
                                                  src\hw\driver\led.o
HAL_GetCurrentCPUID                               src\lib\STM32H7xx_HAL_Driver\Src\stm32h7xx_hal_cortex.o
HAL_GetDEVID                                      src\lib\STM32H7xx_HAL_Driver\Src\stm32h7xx_hal.o
HAL_GetFMCMemorySwappingConfig                    src\lib\STM32H7xx_HAL_Driver\Src\stm32h7xx_hal.o
HAL_GetHalVersion                                 src\lib\STM32H7xx_HAL_Driver\Src\stm32h7xx_hal.o
HAL_GetREVID                                      src\lib\STM32H7xx_HAL_Driver\Src\stm32h7xx_hal.o
                                                  src\lib\STM32H7xx_HAL_Driver\Src\stm32h7xx_hal_rcc_ex.o
                                                  src\lib\STM32H7xx_HAL_Driver\Src\stm32h7xx_hal_rcc.o
HAL_GetTick                                       src\lib\STM32H7xx_HAL_Driver\Src\stm32h7xx_hal.o
                                                  src\lib\STM32H7xx_HAL_Driver\Src\stm32h7xx_hal_rcc_ex.o
                                                  src\lib\STM32H7xx_HAL_Driver\Src\stm32h7xx_hal_rcc.o
                                                  src\lib\STM32H7xx_HAL_Driver\Src\stm32h7xx_hal_pwr_ex.o
                                                  src\lib\STM32H7xx_HAL_Driver\Src\stm32h7xx_hal_mdma.o
                                                  src\lib\STM32H7xx_HAL_Driver\Src\stm32h7xx_hal_i2c.o
                                                  src\lib\STM32H7xx_HAL_Driver\Src\stm32h7xx_hal_flash.o
                                                  src\lib\STM32H7xx_HAL_Driver\Src\stm32h7xx_hal_dma.o
                                                  src\hw\core\millis.o
HAL_GetTickFreq                                   src\lib\STM32H7xx_HAL_Driver\Src\stm32h7xx_hal.o
HAL_GetTickPrio                                   src\lib\STM32H7xx_HAL_Driver\Src\stm32h7xx_hal.o
HAL_GetUIDw0                                      src\lib\STM32H7xx_HAL_Driver\Src\stm32h7xx_hal.o
HAL_GetUIDw1                                      src\lib\STM32H7xx_HAL_Driver\Src\stm32h7xx_hal.o
HAL_GetUIDw2                                      src\lib\STM32H7xx_HAL_Driver\Src\stm32h7xx_hal.o
HAL_HSEM_ActivateNotification                     src\lib\STM32H7xx_HAL_Driver\Src\stm32h7xx_hal_hsem.o
HAL_HSEM_DeactivateNotification                   src\lib\STM32H7xx_HAL_Driver\Src\stm32h7xx_hal_hsem.o
HAL_HSEM_FastTake                                 src\lib\STM32H7xx_HAL_Driver\Src\stm32h7xx_hal_hsem.o
HAL_HSEM_FreeCallback                             src\lib\STM32H7xx_HAL_Driver\Src\stm32h7xx_hal_hsem.o
HAL_HSEM_GetClearKey                              src\lib\STM32H7xx_HAL_Driver\Src\stm32h7xx_hal_hsem.o
HAL_HSEM_IRQHandler                               src\lib\STM32H7xx_HAL_Driver\Src\stm32h7xx_hal_hsem.o
HAL_HSEM_IsSemTaken                               src\lib\STM32H7xx_HAL_Driver\Src\stm32h7xx_hal_hsem.o
HAL_HSEM_Release                                  src\lib\STM32H7xx_HAL_Driver\Src\stm32h7xx_hal_hsem.o
HAL_HSEM_ReleaseAll                               src\lib\STM32H7xx_HAL_Driver\Src\stm32h7xx_hal_hsem.o
HAL_HSEM_SetClearKey                              src\lib\STM32H7xx_HAL_Driver\Src\stm32h7xx_hal_hsem.o
HAL_HSEM_Take                                     src\lib\STM32H7xx_HAL_Driver\Src\stm32h7xx_hal_hsem.o
HAL_I2CEx_ConfigAnalogFilter                      src\lib\STM32H7xx_HAL_Driver\Src\stm32h7xx_hal_i2c_ex.o
HAL_I2CEx_ConfigDigitalFilter                     src\lib\STM32H7xx_HAL_Driver\Src\stm32h7xx_hal_i2c_ex.o
HAL_I2CEx_DisableFastModePlus                     src\lib\STM32H7xx_HAL_Driver\Src\stm32h7xx_hal_i2c_ex.o
HAL_I2CEx_DisableWakeUp                           src\lib\STM32H7xx_HAL_Driver\Src\stm32h7xx_hal_i2c_ex.o
HAL_I2CEx_EnableFastModePlus                      src\lib\STM32H7xx_HAL_Driver\Src\stm32h7xx_hal_i2c_ex.o
HAL_I2CEx_EnableWakeUp                            src\lib\STM32H7xx_HAL_Driver\Src\stm32h7xx_hal_i2c_ex.o
HAL_I2C_AbortCpltCallback                         src\lib\STM32H7xx_HAL_Driver\Src\stm32h7xx_hal_i2c.o
HAL_I2C_AddrCallback                              src\lib\STM32H7xx_HAL_Driver\Src\stm32h7xx_hal_i2c.o
HAL_I2C_DeInit                                    src\lib\STM32H7xx_HAL_Driver\Src\stm32h7xx_hal_i2c.o
HAL_I2C_DisableListen_IT                          src\lib\STM32H7xx_HAL_Driver\Src\stm32h7xx_hal_i2c.o
HAL_I2C_ER_IRQHandler                             src\lib\STM32H7xx_HAL_Driver\Src\stm32h7xx_hal_i2c.o
HAL_I2C_EV_IRQHandler                             src\lib\STM32H7xx_HAL_Driver\Src\stm32h7xx_hal_i2c.o
HAL_I2C_EnableListen_IT                           src\lib\STM32H7xx_HAL_Driver\Src\stm32h7xx_hal_i2c.o
HAL_I2C_ErrorCallback                             src\lib\STM32H7xx_HAL_Driver\Src\stm32h7xx_hal_i2c.o
HAL_I2C_GetError                                  src\lib\STM32H7xx_HAL_Driver\Src\stm32h7xx_hal_i2c.o
HAL_I2C_GetMode                                   src\lib\STM32H7xx_HAL_Driver\Src\stm32h7xx_hal_i2c.o
HAL_I2C_GetState                                  src\lib\STM32H7xx_HAL_Driver\Src\stm32h7xx_hal_i2c.o
HAL_I2C_Init                                      src\lib\STM32H7xx_HAL_Driver\Src\stm32h7xx_hal_i2c.o
HAL_I2C_IsDeviceReady                             src\lib\STM32H7xx_HAL_Driver\Src\stm32h7xx_hal_i2c.o
HAL_I2C_ListenCpltCallback                        src\lib\STM32H7xx_HAL_Driver\Src\stm32h7xx_hal_i2c.o
HAL_I2C_MasterRxCpltCallback                      src\lib\STM32H7xx_HAL_Driver\Src\stm32h7xx_hal_i2c.o
HAL_I2C_MasterTxCpltCallback                      src\lib\STM32H7xx_HAL_Driver\Src\stm32h7xx_hal_i2c.o
HAL_I2C_Master_Abort_IT                           src\lib\STM32H7xx_HAL_Driver\Src\stm32h7xx_hal_i2c.o
HAL_I2C_Master_Receive                            src\lib\STM32H7xx_HAL_Driver\Src\stm32h7xx_hal_i2c.o
HAL_I2C_Master_Receive_DMA                        src\lib\STM32H7xx_HAL_Driver\Src\stm32h7xx_hal_i2c.o
HAL_I2C_Master_Receive_IT                         src\lib\STM32H7xx_HAL_Driver\Src\stm32h7xx_hal_i2c.o
HAL_I2C_Master_Seq_Receive_DMA                    src\lib\STM32H7xx_HAL_Driver\Src\stm32h7xx_hal_i2c.o
HAL_I2C_Master_Seq_Receive_IT                     src\lib\STM32H7xx_HAL_Driver\Src\stm32h7xx_hal_i2c.o
HAL_I2C_Master_Seq_Transmit_DMA                   src\lib\STM32H7xx_HAL_Driver\Src\stm32h7xx_hal_i2c.o
HAL_I2C_Master_Seq_Transmit_IT                    src\lib\STM32H7xx_HAL_Driver\Src\stm32h7xx_hal_i2c.o
HAL_I2C_Master_Transmit                           src\lib\STM32H7xx_HAL_Driver\Src\stm32h7xx_hal_i2c.o
HAL_I2C_Master_Transmit_DMA                       src\lib\STM32H7xx_HAL_Driver\Src\stm32h7xx_hal_i2c.o
HAL_I2C_Master_Transmit_IT                        src\lib\STM32H7xx_HAL_Driver\Src\stm32h7xx_hal_i2c.o
HAL_I2C_MemRxCpltCallback                         src\lib\STM32H7xx_HAL_Driver\Src\stm32h7xx_hal_i2c.o
HAL_I2C_MemTxCpltCallback                         src\lib\STM32H7xx_HAL_Driver\Src\stm32h7xx_hal_i2c.o
HAL_I2C_Mem_Read                                  src\lib\STM32H7xx_HAL_Driver\Src\stm32h7xx_hal_i2c.o
HAL_I2C_Mem_Read_DMA                              src\lib\STM32H7xx_HAL_Driver\Src\stm32h7xx_hal_i2c.o
HAL_I2C_Mem_Read_IT                               src\lib\STM32H7xx_HAL_Driver\Src\stm32h7xx_hal_i2c.o
HAL_I2C_Mem_Write                                 src\lib\STM32H7xx_HAL_Driver\Src\stm32h7xx_hal_i2c.o
HAL_I2C_Mem_Write_DMA                             src\lib\STM32H7xx_HAL_Driver\Src\stm32h7xx_hal_i2c.o
HAL_I2C_Mem_Write_IT                              src\lib\STM32H7xx_HAL_Driver\Src\stm32h7xx_hal_i2c.o
HAL_I2C_MspDeInit                                 src\lib\STM32H7xx_HAL_Driver\Src\stm32h7xx_hal_i2c.o
HAL_I2C_MspInit                                   src\lib\STM32H7xx_HAL_Driver\Src\stm32h7xx_hal_i2c.o
HAL_I2C_SlaveRxCpltCallback                       src\lib\STM32H7xx_HAL_Driver\Src\stm32h7xx_hal_i2c.o
HAL_I2C_SlaveTxCpltCallback                       src\lib\STM32H7xx_HAL_Driver\Src\stm32h7xx_hal_i2c.o
HAL_I2C_Slave_Receive                             src\lib\STM32H7xx_HAL_Driver\Src\stm32h7xx_hal_i2c.o
HAL_I2C_Slave_Receive_DMA                         src\lib\STM32H7xx_HAL_Driver\Src\stm32h7xx_hal_i2c.o
HAL_I2C_Slave_Receive_IT                          src\lib\STM32H7xx_HAL_Driver\Src\stm32h7xx_hal_i2c.o
HAL_I2C_Slave_Seq_Receive_DMA                     src\lib\STM32H7xx_HAL_Driver\Src\stm32h7xx_hal_i2c.o
HAL_I2C_Slave_Seq_Receive_IT                      src\lib\STM32H7xx_HAL_Driver\Src\stm32h7xx_hal_i2c.o
HAL_I2C_Slave_Seq_Transmit_DMA                    src\lib\STM32H7xx_HAL_Driver\Src\stm32h7xx_hal_i2c.o
HAL_I2C_Slave_Seq_Transmit_IT                     src\lib\STM32H7xx_HAL_Driver\Src\stm32h7xx_hal_i2c.o
HAL_I2C_Slave_Transmit                            src\lib\STM32H7xx_HAL_Driver\Src\stm32h7xx_hal_i2c.o
HAL_I2C_Slave_Transmit_DMA                        src\lib\STM32H7xx_HAL_Driver\Src\stm32h7xx_hal_i2c.o
HAL_I2C_Slave_Transmit_IT                         src\lib\STM32H7xx_HAL_Driver\Src\stm32h7xx_hal_i2c.o
HAL_IncTick                                       src\lib\STM32H7xx_HAL_Driver\Src\stm32h7xx_hal.o
                                                  src\bsp\stm32h7xx_it.o
HAL_Init                                          src\lib\STM32H7xx_HAL_Driver\Src\stm32h7xx_hal.o
                                                  src\bsp\bsp.o
HAL_InitTick                                      src\lib\STM32H7xx_HAL_Driver\Src\stm32h7xx_hal.o
                                                  src\lib\STM32H7xx_HAL_Driver\Src\stm32h7xx_hal_rcc.o
HAL_MDMA_Abort                                    src\lib\STM32H7xx_HAL_Driver\Src\stm32h7xx_hal_mdma.o
HAL_MDMA_Abort_IT                                 src\lib\STM32H7xx_HAL_Driver\Src\stm32h7xx_hal_mdma.o
HAL_MDMA_ConfigPostRequestMask                    src\lib\STM32H7xx_HAL_Driver\Src\stm32h7xx_hal_mdma.o
HAL_MDMA_DeInit                                   src\lib\STM32H7xx_HAL_Driver\Src\stm32h7xx_hal_mdma.o
HAL_MDMA_GenerateSWRequest                        src\lib\STM32H7xx_HAL_Driver\Src\stm32h7xx_hal_mdma.o
HAL_MDMA_GetError                                 src\lib\STM32H7xx_HAL_Driver\Src\stm32h7xx_hal_mdma.o
HAL_MDMA_GetState                                 src\lib\STM32H7xx_HAL_Driver\Src\stm32h7xx_hal_mdma.o
HAL_MDMA_IRQHandler                               src\lib\STM32H7xx_HAL_Driver\Src\stm32h7xx_hal_mdma.o
HAL_MDMA_Init                                     src\lib\STM32H7xx_HAL_Driver\Src\stm32h7xx_hal_mdma.o
HAL_MDMA_LinkedList_AddNode                       src\lib\STM32H7xx_HAL_Driver\Src\stm32h7xx_hal_mdma.o
HAL_MDMA_LinkedList_CreateNode                    src\lib\STM32H7xx_HAL_Driver\Src\stm32h7xx_hal_mdma.o
HAL_MDMA_LinkedList_DisableCircularMode           src\lib\STM32H7xx_HAL_Driver\Src\stm32h7xx_hal_mdma.o
HAL_MDMA_LinkedList_EnableCircularMode            src\lib\STM32H7xx_HAL_Driver\Src\stm32h7xx_hal_mdma.o
HAL_MDMA_LinkedList_RemoveNode                    src\lib\STM32H7xx_HAL_Driver\Src\stm32h7xx_hal_mdma.o
HAL_MDMA_PollForTransfer                          src\lib\STM32H7xx_HAL_Driver\Src\stm32h7xx_hal_mdma.o
HAL_MDMA_RegisterCallback                         src\lib\STM32H7xx_HAL_Driver\Src\stm32h7xx_hal_mdma.o
HAL_MDMA_Start                                    src\lib\STM32H7xx_HAL_Driver\Src\stm32h7xx_hal_mdma.o
HAL_MDMA_Start_IT                                 src\lib\STM32H7xx_HAL_Driver\Src\stm32h7xx_hal_mdma.o
HAL_MDMA_UnRegisterCallback                       src\lib\STM32H7xx_HAL_Driver\Src\stm32h7xx_hal_mdma.o
HAL_MPU_ConfigRegion                              src\lib\STM32H7xx_HAL_Driver\Src\stm32h7xx_hal_cortex.o
HAL_MPU_Disable                                   src\lib\STM32H7xx_HAL_Driver\Src\stm32h7xx_hal_cortex.o
HAL_MPU_Enable                                    src\lib\STM32H7xx_HAL_Driver\Src\stm32h7xx_hal_cortex.o
HAL_MspDeInit                                     src\lib\STM32H7xx_HAL_Driver\Src\stm32h7xx_hal.o
HAL_MspInit                                       src\lib\STM32H7xx_HAL_Driver\Src\stm32h7xx_hal.o
HAL_NVIC_ClearPendingIRQ                          src\lib\STM32H7xx_HAL_Driver\Src\stm32h7xx_hal_cortex.o
HAL_NVIC_DisableIRQ                               src\lib\STM32H7xx_HAL_Driver\Src\stm32h7xx_hal_cortex.o
HAL_NVIC_EnableIRQ                                src\lib\STM32H7xx_HAL_Driver\Src\stm32h7xx_hal_cortex.o
HAL_NVIC_GetActive                                src\lib\STM32H7xx_HAL_Driver\Src\stm32h7xx_hal_cortex.o
HAL_NVIC_GetPendingIRQ                            src\lib\STM32H7xx_HAL_Driver\Src\stm32h7xx_hal_cortex.o
HAL_NVIC_GetPriority                              src\lib\STM32H7xx_HAL_Driver\Src\stm32h7xx_hal_cortex.o
HAL_NVIC_GetPriorityGrouping                      src\lib\STM32H7xx_HAL_Driver\Src\stm32h7xx_hal_cortex.o
HAL_NVIC_SetPendingIRQ                            src\lib\STM32H7xx_HAL_Driver\Src\stm32h7xx_hal_cortex.o
HAL_NVIC_SetPriority                              src\lib\STM32H7xx_HAL_Driver\Src\stm32h7xx_hal_cortex.o
                                                  src\lib\STM32H7xx_HAL_Driver\Src\stm32h7xx_hal.o
HAL_NVIC_SetPriorityGrouping                      src\lib\STM32H7xx_HAL_Driver\Src\stm32h7xx_hal_cortex.o
                                                  src\lib\STM32H7xx_HAL_Driver\Src\stm32h7xx_hal.o
HAL_NVIC_SystemReset                              src\lib\STM32H7xx_HAL_Driver\Src\stm32h7xx_hal_cortex.o
HAL_PWREx_AVDCallback                             src\lib\STM32H7xx_HAL_Driver\Src\stm32h7xx_hal_pwr_ex.o
HAL_PWREx_ClearPendingEvent                       src\lib\STM32H7xx_HAL_Driver\Src\stm32h7xx_hal_pwr_ex.o
HAL_PWREx_ClearWakeupFlag                         src\lib\STM32H7xx_HAL_Driver\Src\stm32h7xx_hal_pwr_ex.o
HAL_PWREx_ConfigAVD                               src\lib\STM32H7xx_HAL_Driver\Src\stm32h7xx_hal_pwr_ex.o
HAL_PWREx_ConfigD3Domain                          src\lib\STM32H7xx_HAL_Driver\Src\stm32h7xx_hal_pwr_ex.o
HAL_PWREx_ConfigSupply                            src\lib\STM32H7xx_HAL_Driver\Src\stm32h7xx_hal_pwr_ex.o
                                                  src\bsp\bsp.o
HAL_PWREx_ControlStopModeVoltageScaling           src\lib\STM32H7xx_HAL_Driver\Src\stm32h7xx_hal_pwr_ex.o
HAL_PWREx_ControlVoltageScaling                   src\lib\STM32H7xx_HAL_Driver\Src\stm32h7xx_hal_pwr_ex.o
HAL_PWREx_DisableAVD                              src\lib\STM32H7xx_HAL_Driver\Src\stm32h7xx_hal_pwr_ex.o
HAL_PWREx_DisableBatteryCharging                  src\lib\STM32H7xx_HAL_Driver\Src\stm32h7xx_hal_pwr_ex.o
HAL_PWREx_DisableBkUpReg                          src\lib\STM32H7xx_HAL_Driver\Src\stm32h7xx_hal_pwr_ex.o
HAL_PWREx_DisableFlashPowerDown                   src\lib\STM32H7xx_HAL_Driver\Src\stm32h7xx_hal_pwr_ex.o
HAL_PWREx_DisableMonitoring                       src\lib\STM32H7xx_HAL_Driver\Src\stm32h7xx_hal_pwr_ex.o
HAL_PWREx_DisableUSBReg                           src\lib\STM32H7xx_HAL_Driver\Src\stm32h7xx_hal_pwr_ex.o
HAL_PWREx_DisableUSBVoltageDetector               src\lib\STM32H7xx_HAL_Driver\Src\stm32h7xx_hal_pwr_ex.o
HAL_PWREx_DisableWakeUpPin                        src\lib\STM32H7xx_HAL_Driver\Src\stm32h7xx_hal_pwr_ex.o
HAL_PWREx_EnableAVD                               src\lib\STM32H7xx_HAL_Driver\Src\stm32h7xx_hal_pwr_ex.o
HAL_PWREx_EnableBatteryCharging                   src\lib\STM32H7xx_HAL_Driver\Src\stm32h7xx_hal_pwr_ex.o
HAL_PWREx_EnableBkUpReg                           src\lib\STM32H7xx_HAL_Driver\Src\stm32h7xx_hal_pwr_ex.o
HAL_PWREx_EnableFlashPowerDown                    src\lib\STM32H7xx_HAL_Driver\Src\stm32h7xx_hal_pwr_ex.o
HAL_PWREx_EnableMonitoring                        src\lib\STM32H7xx_HAL_Driver\Src\stm32h7xx_hal_pwr_ex.o
HAL_PWREx_EnableUSBReg                            src\lib\STM32H7xx_HAL_Driver\Src\stm32h7xx_hal_pwr_ex.o
HAL_PWREx_EnableUSBVoltageDetector                src\lib\STM32H7xx_HAL_Driver\Src\stm32h7xx_hal_pwr_ex.o
HAL_PWREx_EnableWakeUpPin                         src\lib\STM32H7xx_HAL_Driver\Src\stm32h7xx_hal_pwr_ex.o
HAL_PWREx_EnterSTANDBYMode                        src\lib\STM32H7xx_HAL_Driver\Src\stm32h7xx_hal_pwr_ex.o
HAL_PWREx_EnterSTOPMode                           src\lib\STM32H7xx_HAL_Driver\Src\stm32h7xx_hal_pwr_ex.o
HAL_PWREx_GetStopModeVoltageRange                 src\lib\STM32H7xx_HAL_Driver\Src\stm32h7xx_hal_pwr_ex.o
HAL_PWREx_GetSupplyConfig                         src\lib\STM32H7xx_HAL_Driver\Src\stm32h7xx_hal_pwr_ex.o
HAL_PWREx_GetTemperatureLevel                     src\lib\STM32H7xx_HAL_Driver\Src\stm32h7xx_hal_pwr_ex.o
HAL_PWREx_GetVBATLevel                            src\lib\STM32H7xx_HAL_Driver\Src\stm32h7xx_hal_pwr_ex.o
HAL_PWREx_GetVoltageRange                         src\lib\STM32H7xx_HAL_Driver\Src\stm32h7xx_hal_pwr_ex.o
HAL_PWREx_GetWakeupFlag                           src\lib\STM32H7xx_HAL_Driver\Src\stm32h7xx_hal_pwr_ex.o
HAL_PWREx_PVD_AVD_IRQHandler                      src\lib\STM32H7xx_HAL_Driver\Src\stm32h7xx_hal_pwr_ex.o
HAL_PWREx_WAKEUP_PIN_IRQHandler                   src\lib\STM32H7xx_HAL_Driver\Src\stm32h7xx_hal_pwr_ex.o
HAL_PWREx_WKUP1_Callback                          src\lib\STM32H7xx_HAL_Driver\Src\stm32h7xx_hal_pwr_ex.o
HAL_PWREx_WKUP2_Callback                          src\lib\STM32H7xx_HAL_Driver\Src\stm32h7xx_hal_pwr_ex.o
HAL_PWREx_WKUP3_Callback                          src\lib\STM32H7xx_HAL_Driver\Src\stm32h7xx_hal_pwr_ex.o
HAL_PWREx_WKUP4_Callback                          src\lib\STM32H7xx_HAL_Driver\Src\stm32h7xx_hal_pwr_ex.o
HAL_PWREx_WKUP5_Callback                          src\lib\STM32H7xx_HAL_Driver\Src\stm32h7xx_hal_pwr_ex.o
HAL_PWREx_WKUP6_Callback                          src\lib\STM32H7xx_HAL_Driver\Src\stm32h7xx_hal_pwr_ex.o
HAL_PWR_ConfigPVD                                 src\lib\STM32H7xx_HAL_Driver\Src\stm32h7xx_hal_pwr.o
HAL_PWR_DeInit                                    src\lib\STM32H7xx_HAL_Driver\Src\stm32h7xx_hal_pwr.o
HAL_PWR_DisableBkUpAccess                         src\lib\STM32H7xx_HAL_Driver\Src\stm32h7xx_hal_pwr.o
HAL_PWR_DisablePVD                                src\lib\STM32H7xx_HAL_Driver\Src\stm32h7xx_hal_pwr.o
HAL_PWR_DisableSEVOnPend                          src\lib\STM32H7xx_HAL_Driver\Src\stm32h7xx_hal_pwr.o
HAL_PWR_DisableSleepOnExit                        src\lib\STM32H7xx_HAL_Driver\Src\stm32h7xx_hal_pwr.o
HAL_PWR_DisableWakeUpPin                          src\lib\STM32H7xx_HAL_Driver\Src\stm32h7xx_hal_pwr.o
HAL_PWR_EnableBkUpAccess                          src\lib\STM32H7xx_HAL_Driver\Src\stm32h7xx_hal_pwr.o
HAL_PWR_EnablePVD                                 src\lib\STM32H7xx_HAL_Driver\Src\stm32h7xx_hal_pwr.o
HAL_PWR_EnableSEVOnPend                           src\lib\STM32H7xx_HAL_Driver\Src\stm32h7xx_hal_pwr.o
HAL_PWR_EnableSleepOnExit                         src\lib\STM32H7xx_HAL_Driver\Src\stm32h7xx_hal_pwr.o
HAL_PWR_EnableWakeUpPin                           src\lib\STM32H7xx_HAL_Driver\Src\stm32h7xx_hal_pwr.o
HAL_PWR_EnterSLEEPMode                            src\lib\STM32H7xx_HAL_Driver\Src\stm32h7xx_hal_pwr.o
HAL_PWR_EnterSTANDBYMode                          src\lib\STM32H7xx_HAL_Driver\Src\stm32h7xx_hal_pwr.o
HAL_PWR_EnterSTOPMode                             src\lib\STM32H7xx_HAL_Driver\Src\stm32h7xx_hal_pwr.o
HAL_PWR_PVDCallback                               src\lib\STM32H7xx_HAL_Driver\Src\stm32h7xx_hal_pwr.o
                                                  src\lib\STM32H7xx_HAL_Driver\Src\stm32h7xx_hal_pwr_ex.o
HAL_PWR_PVD_IRQHandler                            src\lib\STM32H7xx_HAL_Driver\Src\stm32h7xx_hal_pwr.o
HAL_RCCEx_CRSConfig                               src\lib\STM32H7xx_HAL_Driver\Src\stm32h7xx_hal_rcc_ex.o
HAL_RCCEx_CRSGetSynchronizationInfo               src\lib\STM32H7xx_HAL_Driver\Src\stm32h7xx_hal_rcc_ex.o
HAL_RCCEx_CRSSoftwareSynchronizationGenerate      src\lib\STM32H7xx_HAL_Driver\Src\stm32h7xx_hal_rcc_ex.o
HAL_RCCEx_CRSWaitSynchronization                  src\lib\STM32H7xx_HAL_Driver\Src\stm32h7xx_hal_rcc_ex.o
HAL_RCCEx_CRS_ErrorCallback                       src\lib\STM32H7xx_HAL_Driver\Src\stm32h7xx_hal_rcc_ex.o
HAL_RCCEx_CRS_ExpectedSyncCallback                src\lib\STM32H7xx_HAL_Driver\Src\stm32h7xx_hal_rcc_ex.o
HAL_RCCEx_CRS_IRQHandler                          src\lib\STM32H7xx_HAL_Driver\Src\stm32h7xx_hal_rcc_ex.o
HAL_RCCEx_CRS_SyncOkCallback                      src\lib\STM32H7xx_HAL_Driver\Src\stm32h7xx_hal_rcc_ex.o
HAL_RCCEx_CRS_SyncWarnCallback                    src\lib\STM32H7xx_HAL_Driver\Src\stm32h7xx_hal_rcc_ex.o
HAL_RCCEx_DisableLSECSS                           src\lib\STM32H7xx_HAL_Driver\Src\stm32h7xx_hal_rcc_ex.o
HAL_RCCEx_EnableLSECSS                            src\lib\STM32H7xx_HAL_Driver\Src\stm32h7xx_hal_rcc_ex.o
HAL_RCCEx_EnableLSECSS_IT                         src\lib\STM32H7xx_HAL_Driver\Src\stm32h7xx_hal_rcc_ex.o
HAL_RCCEx_GetD1PCLK1Freq                          src\lib\STM32H7xx_HAL_Driver\Src\stm32h7xx_hal_rcc_ex.o
HAL_RCCEx_GetD1SysClockFreq                       src\lib\STM32H7xx_HAL_Driver\Src\stm32h7xx_hal_rcc_ex.o
HAL_RCCEx_GetD3PCLK1Freq                          src\lib\STM32H7xx_HAL_Driver\Src\stm32h7xx_hal_rcc_ex.o
HAL_RCCEx_GetPLL1ClockFreq                        src\lib\STM32H7xx_HAL_Driver\Src\stm32h7xx_hal_rcc_ex.o
HAL_RCCEx_GetPLL2ClockFreq                        src\lib\STM32H7xx_HAL_Driver\Src\stm32h7xx_hal_rcc_ex.o
HAL_RCCEx_GetPLL3ClockFreq                        src\lib\STM32H7xx_HAL_Driver\Src\stm32h7xx_hal_rcc_ex.o
HAL_RCCEx_GetPeriphCLKConfig                      src\lib\STM32H7xx_HAL_Driver\Src\stm32h7xx_hal_rcc_ex.o
HAL_RCCEx_GetPeriphCLKFreq                        src\lib\STM32H7xx_HAL_Driver\Src\stm32h7xx_hal_rcc_ex.o
HAL_RCCEx_KerWakeUpStopCLKConfig                  src\lib\STM32H7xx_HAL_Driver\Src\stm32h7xx_hal_rcc_ex.o
HAL_RCCEx_LSECSS_Callback                         src\lib\STM32H7xx_HAL_Driver\Src\stm32h7xx_hal_rcc_ex.o
HAL_RCCEx_LSECSS_IRQHandler                       src\lib\STM32H7xx_HAL_Driver\Src\stm32h7xx_hal_rcc_ex.o
HAL_RCCEx_PeriphCLKConfig                         src\lib\STM32H7xx_HAL_Driver\Src\stm32h7xx_hal_rcc_ex.o
HAL_RCCEx_WWDGxSysResetConfig                     src\lib\STM32H7xx_HAL_Driver\Src\stm32h7xx_hal_rcc_ex.o
HAL_RCCEx_WakeUpStopCLKConfig                     src\lib\STM32H7xx_HAL_Driver\Src\stm32h7xx_hal_rcc_ex.o
HAL_RCC_CSSCallback                               src\lib\STM32H7xx_HAL_Driver\Src\stm32h7xx_hal_rcc.o
HAL_RCC_ClockConfig                               src\lib\STM32H7xx_HAL_Driver\Src\stm32h7xx_hal_rcc.o
                                                  src\bsp\bsp.o
HAL_RCC_DeInit                                    src\lib\STM32H7xx_HAL_Driver\Src\stm32h7xx_hal_rcc.o
HAL_RCC_DisableCSS                                src\lib\STM32H7xx_HAL_Driver\Src\stm32h7xx_hal_rcc.o
HAL_RCC_EnableCSS                                 src\lib\STM32H7xx_HAL_Driver\Src\stm32h7xx_hal_rcc.o
HAL_RCC_GetClockConfig                            src\lib\STM32H7xx_HAL_Driver\Src\stm32h7xx_hal_rcc.o
HAL_RCC_GetHCLKFreq                               src\lib\STM32H7xx_HAL_Driver\Src\stm32h7xx_hal_rcc.o
                                                  src\lib\STM32H7xx_HAL_Driver\Src\stm32h7xx_hal_rcc_ex.o
HAL_RCC_GetOscConfig                              src\lib\STM32H7xx_HAL_Driver\Src\stm32h7xx_hal_rcc.o
HAL_RCC_GetPCLK1Freq                              src\lib\STM32H7xx_HAL_Driver\Src\stm32h7xx_hal_rcc.o
HAL_RCC_GetPCLK2Freq                              src\lib\STM32H7xx_HAL_Driver\Src\stm32h7xx_hal_rcc.o
HAL_RCC_GetSysClockFreq                           src\lib\STM32H7xx_HAL_Driver\Src\stm32h7xx_hal_rcc.o
                                                  src\lib\STM32H7xx_HAL_Driver\Src\stm32h7xx_hal_rcc_ex.o
                                                  src\lib\STM32H7xx_HAL_Driver\Src\stm32h7xx_hal.o
HAL_RCC_MCOConfig                                 src\lib\STM32H7xx_HAL_Driver\Src\stm32h7xx_hal_rcc.o
HAL_RCC_NMI_IRQHandler                            src\lib\STM32H7xx_HAL_Driver\Src\stm32h7xx_hal_rcc.o
HAL_RCC_OscConfig                                 src\lib\STM32H7xx_HAL_Driver\Src\stm32h7xx_hal_rcc.o
                                                  src\bsp\bsp.o
HAL_ResumeTick                                    src\lib\STM32H7xx_HAL_Driver\Src\stm32h7xx_hal.o
HAL_SYSCFG_AnalogSwitchConfig                     src\lib\STM32H7xx_HAL_Driver\Src\stm32h7xx_hal.o
HAL_SYSCFG_CM7BootAddConfig                       src\lib\STM32H7xx_HAL_Driver\Src\stm32h7xx_hal.o
HAL_SYSCFG_CompensationCodeConfig                 src\lib\STM32H7xx_HAL_Driver\Src\stm32h7xx_hal.o
HAL_SYSCFG_CompensationCodeSelect                 src\lib\STM32H7xx_HAL_Driver\Src\stm32h7xx_hal.o
HAL_SYSCFG_DisableBOOST                           src\lib\STM32H7xx_HAL_Driver\Src\stm32h7xx_hal.o
HAL_SYSCFG_DisableIOSpeedOptimize                 src\lib\STM32H7xx_HAL_Driver\Src\stm32h7xx_hal.o
HAL_SYSCFG_DisableVREFBUF                         src\lib\STM32H7xx_HAL_Driver\Src\stm32h7xx_hal.o
HAL_SYSCFG_ETHInterfaceSelect                     src\lib\STM32H7xx_HAL_Driver\Src\stm32h7xx_hal.o
HAL_SYSCFG_EnableBOOST                            src\lib\STM32H7xx_HAL_Driver\Src\stm32h7xx_hal.o
HAL_SYSCFG_EnableIOSpeedOptimize                  src\lib\STM32H7xx_HAL_Driver\Src\stm32h7xx_hal.o
HAL_SYSCFG_EnableVREFBUF                          src\lib\STM32H7xx_HAL_Driver\Src\stm32h7xx_hal.o
HAL_SYSCFG_VREFBUF_HighImpedanceConfig            src\lib\STM32H7xx_HAL_Driver\Src\stm32h7xx_hal.o
HAL_SYSCFG_VREFBUF_TrimmingConfig                 src\lib\STM32H7xx_HAL_Driver\Src\stm32h7xx_hal.o
HAL_SYSCFG_VREFBUF_VoltageScalingConfig           src\lib\STM32H7xx_HAL_Driver\Src\stm32h7xx_hal.o
HAL_SYSTICK_CLKSourceConfig                       src\lib\STM32H7xx_HAL_Driver\Src\stm32h7xx_hal_cortex.o
HAL_SYSTICK_Callback                              src\lib\STM32H7xx_HAL_Driver\Src\stm32h7xx_hal_cortex.o
HAL_SYSTICK_Config                                src\lib\STM32H7xx_HAL_Driver\Src\stm32h7xx_hal_cortex.o
                                                  src\lib\STM32H7xx_HAL_Driver\Src\stm32h7xx_hal.o
HAL_SYSTICK_IRQHandler                            src\lib\STM32H7xx_HAL_Driver\Src\stm32h7xx_hal_cortex.o
HAL_SetFMCMemorySwappingConfig                    src\lib\STM32H7xx_HAL_Driver\Src\stm32h7xx_hal.o
HAL_SetTickFreq                                   src\lib\STM32H7xx_HAL_Driver\Src\stm32h7xx_hal.o
HAL_SuspendTick                                   src\lib\STM32H7xx_HAL_Driver\Src\stm32h7xx_hal.o
HASH_RNG_IRQHandler                               src\bsp\startup\startup_stm32h750xx.o
HRTIM1_FLT_IRQHandler                             src\bsp\startup\startup_stm32h750xx.o
HRTIM1_Master_IRQHandler                          src\bsp\startup\startup_stm32h750xx.o
HRTIM1_TIMA_IRQHandler                            src\bsp\startup\startup_stm32h750xx.o
HRTIM1_TIMB_IRQHandler                            src\bsp\startup\startup_stm32h750xx.o
HRTIM1_TIMC_IRQHandler                            src\bsp\startup\startup_stm32h750xx.o
HRTIM1_TIMD_IRQHandler                            src\bsp\startup\startup_stm32h750xx.o
HRTIM1_TIME_IRQHandler                            src\bsp\startup\startup_stm32h750xx.o
HSEM1_IRQHandler                                  src\bsp\startup\startup_stm32h750xx.o
HardFault_Handler                                 src\bsp\stm32h7xx_it.o
                                                  src\bsp\startup\startup_stm32h750xx.o
I2C1_ER_IRQHandler                                src\bsp\startup\startup_stm32h750xx.o
I2C1_EV_IRQHandler                                src\bsp\startup\startup_stm32h750xx.o
I2C2_ER_IRQHandler                                src\bsp\startup\startup_stm32h750xx.o
I2C2_EV_IRQHandler                                src\bsp\startup\startup_stm32h750xx.o
I2C3_ER_IRQHandler                                src\bsp\startup\startup_stm32h750xx.o
I2C3_EV_IRQHandler                                src\bsp\startup\startup_stm32h750xx.o
I2C4_ER_IRQHandler                                src\bsp\startup\startup_stm32h750xx.o
I2C4_EV_IRQHandler                                src\bsp\startup\startup_stm32h750xx.o
JPEG_IRQHandler                                   src\bsp\startup\startup_stm32h750xx.o
LPTIM1_IRQHandler                                 src\bsp\startup\startup_stm32h750xx.o
LPTIM2_IRQHandler                                 src\bsp\startup\startup_stm32h750xx.o
LPTIM3_IRQHandler                                 src\bsp\startup\startup_stm32h750xx.o
LPTIM4_IRQHandler                                 src\bsp\startup\startup_stm32h750xx.o
LPTIM5_IRQHandler                                 src\bsp\startup\startup_stm32h750xx.o
LPUART1_IRQHandler                                src\bsp\startup\startup_stm32h750xx.o
LTDC_ER_IRQHandler                                src\bsp\startup\startup_stm32h750xx.o
LTDC_IRQHandler                                   src\bsp\startup\startup_stm32h750xx.o
MDIOS_IRQHandler                                  src\bsp\startup\startup_stm32h750xx.o
MDIOS_WKUP_IRQHandler                             src\bsp\startup\startup_stm32h750xx.o
MDMA_IRQHandler                                   src\bsp\startup\startup_stm32h750xx.o
MemManage_Handler                                 src\bsp\stm32h7xx_it.o
                                                  src\bsp\startup\startup_stm32h750xx.o
NMI_Handler                                       src\bsp\stm32h7xx_it.o
                                                  src\bsp\startup\startup_stm32h750xx.o
OTG_FS_EP1_IN_IRQHandler                          src\bsp\startup\startup_stm32h750xx.o
OTG_FS_EP1_OUT_IRQHandler                         src\bsp\startup\startup_stm32h750xx.o
OTG_FS_IRQHandler                                 src\bsp\startup\startup_stm32h750xx.o
OTG_FS_WKUP_IRQHandler                            src\bsp\startup\startup_stm32h750xx.o
OTG_HS_EP1_IN_IRQHandler                          src\bsp\startup\startup_stm32h750xx.o
OTG_HS_EP1_OUT_IRQHandler                         src\bsp\startup\startup_stm32h750xx.o
OTG_HS_IRQHandler                                 src\bsp\startup\startup_stm32h750xx.o
OTG_HS_WKUP_IRQHandler                            src\bsp\startup\startup_stm32h750xx.o
PVD_AVD_IRQHandler                                src\bsp\startup\startup_stm32h750xx.o
PendSV_Handler                                    src\bsp\stm32h7xx_it.o
                                                  src\bsp\startup\startup_stm32h750xx.o
QUADSPI_IRQHandler                                src\bsp\startup\startup_stm32h750xx.o
RCC_IRQHandler                                    src\bsp\startup\startup_stm32h750xx.o
RTC_Alarm_IRQHandler                              src\bsp\startup\startup_stm32h750xx.o
RTC_WKUP_IRQHandler                               src\bsp\startup\startup_stm32h750xx.o
Reset_Handler                                     src\bsp\startup\startup_stm32h750xx.o
SAI1_IRQHandler                                   src\bsp\startup\startup_stm32h750xx.o